Component: Arm Compiler for Embedded 6.18 Tool: armlink [5e4cc100]

==============================================================================

Section Cross References

    startup_stm32f103xb.o(STACK) refers (Special) to heapauxi.o(.text) for __use_two_region_memory
    startup_stm32f103xb.o(HEAP) refers (Special) to heapauxi.o(.text) for __use_two_region_memory
    startup_stm32f103xb.o(RESET) refers (Special) to heapauxi.o(.text) for __use_two_region_memory
    startup_stm32f103xb.o(RESET) refers to startup_stm32f103xb.o(STACK) for __initial_sp
    startup_stm32f103xb.o(RESET) refers to startup_stm32f103xb.o(.text) for Reset_Handler
    startup_stm32f103xb.o(RESET) refers to stm32f1xx_it.o(.text.NMI_Handler) for NMI_Handler
    startup_stm32f103xb.o(RESET) refers to stm32f1xx_it.o(.text.HardFault_Handler) for HardFault_Handler
    startup_stm32f103xb.o(RESET) refers to stm32f1xx_it.o(.text.MemManage_Handler) for MemManage_Handler
    startup_stm32f103xb.o(RESET) refers to stm32f1xx_it.o(.text.BusFault_Handler) for BusFault_Handler
    startup_stm32f103xb.o(RESET) refers to stm32f1xx_it.o(.text.UsageFault_Handler) for UsageFault_Handler
    startup_stm32f103xb.o(RESET) refers to stm32f1xx_it.o(.text.SVC_Handler) for SVC_Handler
    startup_stm32f103xb.o(RESET) refers to stm32f1xx_it.o(.text.DebugMon_Handler) for DebugMon_Handler
    startup_stm32f103xb.o(RESET) refers to stm32f1xx_it.o(.text.PendSV_Handler) for PendSV_Handler
    startup_stm32f103xb.o(RESET) refers to stm32f1xx_it.o(.text.SysTick_Handler) for SysTick_Handler
    startup_stm32f103xb.o(RESET) refers to stm32f1xx_it.o(.text.TIM2_IRQHandler) for TIM2_IRQHandler
    startup_stm32f103xb.o(.text) refers (Special) to heapauxi.o(.text) for __use_two_region_memory
    startup_stm32f103xb.o(.text) refers to system_stm32f1xx.o(.text.SystemInit) for SystemInit
    startup_stm32f103xb.o(.text) refers to __main.o(!!!main) for __main
    startup_stm32f103xb.o(.text) refers to startup_stm32f103xb.o(HEAP) for Heap_Mem
    startup_stm32f103xb.o(.text) refers to startup_stm32f103xb.o(STACK) for Stack_Mem
    main.o(.text.main) refers to stm32f1xx_hal.o(.text.HAL_Init) for HAL_Init
    main.o(.text.main) refers to main.o(.text.SystemClock_Config) for SystemClock_Config
    main.o(.text.main) refers to main.o(.text.MX_GPIO_Init) for MX_GPIO_Init
    main.o(.text.main) refers to main.o(.text.MX_TIM2_Init) for MX_TIM2_Init
    main.o(.text.main) refers to main.o(.text.MX_I2C1_Init) for MX_I2C1_Init
    main.o(.text.main) refers to main.o(.text.MX_USART2_UART_Init) for MX_USART2_UART_Init
    main.o(.text.main) refers to main.o(.bss.hi2c1) for hi2c1
    main.o(.text.main) refers to gy80.o(.text.ADXL_Init) for ADXL_Init
    main.o(.text.main) refers to gy80.o(.text.L3G4_Init) for L3G4_Init
    main.o(.text.main) refers to gy80.o(.text.HMC5883L_Init) for HMC5883L_Init
    main.o(.text.main) refers to gy80.o(.text.BMP180_Start) for BMP180_Start
    main.o(.text.main) refers to stm32f1xx_hal.o(.text.HAL_Delay) for HAL_Delay
    main.o(.text.main) refers to main.o(.bss.GY80) for GY80
    main.o(.text.main) refers to main.o(.text.Calib) for Calib
    main.o(.text.main) refers to main.o(.bss.htim2) for htim2
    main.o(.text.main) refers to stm32f1xx_hal_tim.o(.text.HAL_TIM_Base_Start_IT) for HAL_TIM_Base_Start_IT
    main.o(.text.main) refers to rt_memclr.o(.text) for __aeabi_memclr
    main.o(.text.main) refers to main.o(.rodata.str1.1) for .L.str
    main.o(.text.main) refers to sprintf.o(.text) for sprintf
    main.o(.text.main) refers to strlen.o(.text) for strlen
    main.o(.text.main) refers to main.o(.bss.huart2) for huart2
    main.o(.text.main) refers to stm32f1xx_hal_uart.o(.text.HAL_UART_Transmit) for HAL_UART_Transmit
    main.o(.ARM.exidx.text.main) refers to main.o(.text.main) for [Anonymous Symbol]
    main.o(.text.SystemClock_Config) refers to rt_memclr_w.o(.text) for __aeabi_memclr4
    main.o(.text.SystemClock_Config) refers to stm32f1xx_hal_rcc.o(.text.HAL_RCC_OscConfig) for HAL_RCC_OscConfig
    main.o(.text.SystemClock_Config) refers to main.o(.text.Error_Handler) for Error_Handler
    main.o(.text.SystemClock_Config) refers to stm32f1xx_hal_rcc.o(.text.HAL_RCC_ClockConfig) for HAL_RCC_ClockConfig
    main.o(.ARM.exidx.text.SystemClock_Config) refers to main.o(.text.SystemClock_Config) for [Anonymous Symbol]
    main.o(.text.MX_GPIO_Init) refers to stm32f1xx_hal_gpio.o(.text.HAL_GPIO_Init) for HAL_GPIO_Init
    main.o(.ARM.exidx.text.MX_GPIO_Init) refers to main.o(.text.MX_GPIO_Init) for [Anonymous Symbol]
    main.o(.text.MX_TIM2_Init) refers to main.o(.bss.htim2) for htim2
    main.o(.text.MX_TIM2_Init) refers to stm32f1xx_hal_tim.o(.text.HAL_TIM_Base_Init) for HAL_TIM_Base_Init
    main.o(.text.MX_TIM2_Init) refers to main.o(.text.Error_Handler) for Error_Handler
    main.o(.text.MX_TIM2_Init) refers to stm32f1xx_hal_tim.o(.text.HAL_TIM_ConfigClockSource) for HAL_TIM_ConfigClockSource
[...]
    __NVIC_EnableIRQ                         0x08004ce9   Thumb Code    48  stm32f1xx_hal_cortex.o(.text.__NVIC_EnableIRQ)
    [Anonymous Symbol]                       0x08004ce8   Section        0  stm32f1xx_hal_cortex.o(.text.__NVIC_EnableIRQ)
    __NVIC_GetPriorityGrouping               0x08004d19   Thumb Code    16  stm32f1xx_hal_cortex.o(.text.__NVIC_GetPriorityGrouping)
    [Anonymous Symbol]                       0x08004d18   Section        0  stm32f1xx_hal_cortex.o(.text.__NVIC_GetPriorityGrouping)
    __NVIC_SetPriority                       0x08004d29   Thumb Code    66  stm32f1xx_hal_cortex.o(.text.__NVIC_SetPriority)
    [Anonymous Symbol]                       0x08004d28   Section        0  stm32f1xx_hal_cortex.o(.text.__NVIC_SetPriority)
    __NVIC_SetPriorityGrouping               0x08004d6d   Thumb Code    60  stm32f1xx_hal_cortex.o(.text.__NVIC_SetPriorityGrouping)
    [Anonymous Symbol]                       0x08004d6c   Section        0  stm32f1xx_hal_cortex.o(.text.__NVIC_SetPriorityGrouping)
    [Anonymous Symbol]                       0x08004da8   Section        0  main.o(.text.main)
    [Anonymous Symbol]                       0x08004ecc   Section        0  gy80.o(.text.read_ACC)
    [Anonymous Symbol]                       0x08004f8c   Section        0  gy80.o(.text.read_GYRO)
    [Anonymous Symbol]                       0x08005140   Section        0  gy80.o(.text.read_calliberation_data)
    CL$$btod_d2e                             0x08005268   Section       62  btod.o(CL$$btod_d2e)
    CL$$btod_d2e_denorm_low                  0x080052a6   Section       70  btod.o(CL$$btod_d2e_denorm_low)
    CL$$btod_d2e_norm_op1                    0x080052ec   Section       96  btod.o(CL$$btod_d2e_norm_op1)
    CL$$btod_div_common                      0x0800534c   Section      824  btod.o(CL$$btod_div_common)
    CL$$btod_e2e                             0x08005684   Section      220  btod.o(CL$$btod_e2e)
    CL$$btod_ediv                            0x08005760   Section       42  btod.o(CL$$btod_ediv)
    CL$$btod_emul                            0x0800578a   Section       42  btod.o(CL$$btod_emul)
    CL$$btod_mult_common                     0x080057b4   Section      580  btod.o(CL$$btod_mult_common)
    i.__ARM_fpclassify                       0x080059f8   Section        0  fpclassify.o(i.__ARM_fpclassify)
    i.__kernel_poly                          0x08005a20   Section        0  poly.o(i.__kernel_poly)
    i.__mathlib_dbl_infnan                   0x08005aca   Section        0  dunder.o(i.__mathlib_dbl_infnan)
    i.__mathlib_dbl_infnan2                  0x08005ad0   Section        0  dunder.o(i.__mathlib_dbl_infnan2)
    i.__mathlib_dbl_underflow                0x08005ad4   Section        0  dunder.o(i.__mathlib_dbl_underflow)
    i._is_digit                              0x08005ae4   Section        0  __printf_wp.o(i._is_digit)
    i.atan                                   0x08005af4   Section        0  atan.o(i.atan)
    i.atan2                                  0x08005d14   Section        0  atan2.o(i.atan2)
    i.sqrt                                   0x08005eb0   Section        0  sqrt.o(i.sqrt)
    locale$$code                             0x08005efc   Section       44  lc_numeric_c.o(locale$$code)
    locale$$code                             0x08005f28   Section       44  lc_ctype_c.o(locale$$code)
    x$fpl$dadd                               0x08005f54   Section      336  daddsub_clz.o(x$fpl$dadd)
    _dadd1                                   0x08005f65   Thumb Code     0  daddsub_clz.o(x$fpl$dadd)
    x$fpl$dcheck1                            0x080060a4   Section       16  dcheck1.o(x$fpl$dcheck1)
    x$fpl$dcmpinf                            0x080060b4   Section       24  dcmpi.o(x$fpl$dcmpinf)
    x$fpl$ddiv                               0x080060cc   Section      692  ddiv.o(x$fpl$ddiv)
    ddiv_entry                               0x080060d3   Thumb Code     0  ddiv.o(x$fpl$ddiv)
    x$fpl$deqf                               0x08006380   Section      120  deqf.o(x$fpl$deqf)
    x$fpl$dflt                               0x080063f8   Section       46  dflt_clz.o(x$fpl$dflt)
    x$fpl$dgeqf                              0x08006428   Section      120  dgeqf.o(x$fpl$dgeqf)
    x$fpl$dleqf                              0x080064a0   Section      120  dleqf.o(x$fpl$dleqf)
    x$fpl$dmul                               0x08006518   Section      340  dmul.o(x$fpl$dmul)
    x$fpl$dnaninf                            0x0800666c   Section      156  dnaninf.o(x$fpl$dnaninf)
    x$fpl$dretinf                            0x08006708   Section       12  dretinf.o(x$fpl$dretinf)
    x$fpl$drsb                               0x08006714   Section       22  daddsub_clz.o(x$fpl$drsb)
    x$fpl$dsqrt                              0x0800672c   Section      460  dsqrt_noumaal.o(x$fpl$dsqrt)
    x$fpl$dsub                               0x080068f8   Section      476  daddsub_clz.o(x$fpl$dsub)
    _dsub1                                   0x08006909   Thumb Code     0  daddsub_clz.o(x$fpl$dsub)
    x$fpl$fcmp                               0x08006ad4   Section       84  dcmp.o(x$fpl$fcmp)
    x$fpl$printf1                            0x08006b28   Section        4  printf1.o(x$fpl$printf1)
    x$fpl$printf2                            0x08006b2c   Section        4  printf2.o(x$fpl$printf2)
    x$fpl$retnan                             0x08006b30   Section      100  retnan.o(x$fpl$retnan)
    x$fpl$scalbn                             0x08006b94   Section       92  scalbn.o(x$fpl$scalbn)
    x$fpl$trapveneer                         0x08006bf0   Section       48  trapv.o(x$fpl$trapveneer)
    atanhi                                   0x08006c20   Data          32  atan.o(.constdata)
    .constdata                               0x08006c20   Section      152  atan.o(.constdata)
    x$fpl$usenofp                            0x08006c20   Section        0  usenofp.o(x$fpl$usenofp)
    atanlo                                   0x08006c40   Data          32  atan.o(.constdata)
    aTodd                                    0x08006c60   Data          40  atan.o(.constdata)
    aTeven                                   0x08006c88   Data          48  atan.o(.constdata)
    initial_mbstate                          0x08006cb8   Data           8  _printf_wctomb.o(.constdata)
    .constdata                               0x08006cb8   Section        8  _printf_wctomb.o(.constdata)
    uc_hextab                                0x08006cc0   Data          20  _printf_hex_int_ll_ptr.o(.constdata)
    .constdata                               0x08006cc0   Section       40  _printf_hex_int_ll_ptr.o(.constdata)
    lc_hextab                                0x08006cd4   Data          20  _printf_hex_int_ll_ptr.o(.constdata)
    maptable                                 0x08006ce8   Data          17  __printf_flags_ss_wp.o(.constdata)
    .constdata                               0x08006ce8   Section       17  __printf_flags_ss_wp.o(.constdata)
    .constdata                               0x08006d00   Section        8  qnan.o(.constdata)
    lc_hextab                                0x08006d08   Data          19  _printf_fp_hex.o(.constdata)
    .constdata                               0x08006d08   Section       38  _printf_fp_hex.o(.constdata)
    uc_hextab                                0x08006d1b   Data          19  _printf_fp_hex.o(.constdata)
    tenpwrs_x                                0x08006d30   Data          60  bigflt0.o(.constdata)
    .constdata                               0x08006d30   Section      148  bigflt0.o(.constdata)
    tenpwrs_i                                0x08006d6c   Data          64  bigflt0.o(.constdata)
    .L.str                                   0x08006ddc   Data          98  main.o(.rodata.str1.1)
    [Anonymous Symbol]                       0x08006ddc   Section        0  main.o(.rodata.str1.1)
    locale$$data                             0x08006e60   Section       28  lc_numeric_c.o(locale$$data)
    __lcnum_c_name                           0x08006e64   Data           2  lc_numeric_c.o(locale$$data)
    __lcnum_c_start                          0x08006e6c   Data           0  lc_numeric_c.o(locale$$data)
    __lcnum_c_point                          0x08006e78   Data           0  lc_numeric_c.o(locale$$data)
    __lcnum_c_thousands                      0x08006e7a   Data           0  lc_numeric_c.o(locale$$data)
    __lcnum_c_grouping                       0x08006e7b   Data           0  lc_numeric_c.o(locale$$data)
    __lcnum_c_end                            0x08006e7c   Data           0  lc_numeric_c.o(locale$$data)
    locale$$data                             0x08006e7c   Section      272  lc_ctype_c.o(locale$$data)
    __lcctype_c_name                         0x08006e80   Data           2  lc_ctype_c.o(locale$$data)
    __lcctype_c_start                        0x08006e88   Data           0  lc_ctype_c.o(locale$$data)
    __lcctype_c_end                          0x08006f8c   Data           0  lc_ctype_c.o(locale$$data)
    .bss                                     0x200000a8   Section       96  libspace.o(.bss)
    Calib.Status                             0x20000118   Data           1  main.o(.bss.Calib.Status)
    [Anonymous Symbol]                       0x20000118   Section        0  main.o(.bss.Calib.Status)
    Heap_Mem                                 0x200002c8   Data         512  startup_stm32f103xb.o(HEAP)
    HEAP                                     0x200002c8   Section      512  startup_stm32f103xb.o(HEAP)
    Stack_Mem                                0x200004c8   Data        1024  startup_stm32f103xb.o(STACK)
    STACK                                    0x200004c8   Section     1024  startup_stm32f103xb.o(STACK)
    __initial_sp                             0x200008c8   Data           0  startup_stm32f103xb.o(STACK)

    Global Symbols

    Symbol Name                              Value     Ov Type        Size  Object(Section)

    BuildAttributes$$THM_ISAv4$P$D$K$B$S$PE$A:L22UL41UL21$X:L11$S22US41US21$IEEE1$IW$~IW$USESV6$~STKCKD$USESV7$~SHL$OTIME$ROPI$IEEEX$EBA8$UX$STANDARDLIB$REQ8$PRES8$EABIv2 0x00000000   Number         0  anon$$obj.o ABSOLUTE
    __fp_init_empty                          0x00000000   Number         0  fpinit_empty.o ABSOLUTE
    _printf_flags                            0x00000000   Number         0  printf_stubs.o ABSOLUTE
    _printf_return_value                     0x00000000   Number         0  printf_stubs.o ABSOLUTE
    _printf_sizespec                         0x00000000   Number         0  printf_stubs.o ABSOLUTE
    _printf_widthprec                        0x00000000   Number         0  printf_stubs.o ABSOLUTE
    __ARM_exceptions_init                     - Undefined Weak Reference
    __alloca_initialize                       - Undefined Weak Reference
    __arm_preinit_                            - Undefined Weak Reference
    __arm_relocate_pie_                       - Undefined Weak Reference
    __cpp_initialize__aeabi_                  - Undefined Weak Reference
    __cxa_finalize                            - Undefined Weak Reference
    __sigvec_lookup                           - Undefined Weak Reference
    _atexit_init                              - Undefined Weak Reference
    _call_atexit_fns                          - Undefined Weak Reference
    _clock_init                               - Undefined Weak Reference
    _fp_trap_init                             - Undefined Weak Reference
    _fp_trap_shutdown                         - Undefined Weak Reference
    _get_lc_collate                           - Undefined Weak Reference
    _get_lc_monetary                          - Undefined Weak Reference
    _get_lc_time                              - Undefined Weak Reference
    _getenv_init                              - Undefined Weak Reference
    _handle_redirection                       - Undefined Weak Reference
    _init_alloc                               - Undefined Weak Reference
    _init_user_alloc                          - Undefined Weak Reference
    _initio                                   - Undefined Weak Reference
    _printf_mbtowc                            - Undefined Weak Reference
    _printf_wc                                - Undefined Weak Reference
    _rand_init                                - Undefined Weak Reference
    _signal_finish                            - Undefined Weak Reference
    _signal_init                              - Undefined Weak Reference
    _terminate_alloc                          - Undefined Weak Reference
    _terminate_user_alloc                     - Undefined Weak Reference
    _terminateio                              - Undefined Weak Reference
    __Vectors_Size                           0x000000ec   Number         0  startup_stm32f103xb.o ABSOLUTE
    __Vectors                                0x08000000   Data           4  startup_stm32f103xb.o(RESET)
    __Vectors_End                            0x080000ec   Data           0  startup_stm32f103xb.o(RESET)
    __main                                   0x080000ed   Thumb Code     8  __main.o(!!!main)
    __scatterload                            0x080000f5   Thumb Code     0  __scatter.o(!!!scatter)
    __scatterload_rt2                        0x080000f5   Thumb Code    44  __scatter.o(!!!scatter)
    __scatterload_rt2_thumb_only             0x080000f5   Thumb Code     0  __scatter.o(!!!scatter)
    __scatterload_null                       0x08000103   Thumb Code     0  __scatter.o(!!!scatter)
    __scatterload_copy                       0x08000129   Thumb Code    26  __scatter_copy.o(!!handler_copy)
    __scatterload_zeroinit                   0x08000145   Thumb Code    28  __scatter_zi.o(!!handler_zi)
    _printf_n                                0x08000161   Thumb Code     0  _printf_n.o(.ARM.Collect$$_printf_percent$$00000001)
    _printf_percent                          0x08000161   Thumb Code     0  _printf_percent.o(.ARM.Collect$$_printf_percent$$00000000)
    _printf_p                                0x08000167   Thumb Code     0  _printf_p.o(.ARM.Collect$$_printf_percent$$00000002)
    _printf_f                                0x0800016d   Thumb Code     0  _printf_f.o(.ARM.Collect$$_printf_percent$$00000003)
    _printf_e                                0x08000173   Thumb Code     0  _printf_e.o(.ARM.Collect$$_printf_percent$$00000004)
    _printf_g                                0x08000179   Thumb Code     0  _printf_g.o(.ARM.Collect$$_printf_percent$$00000005)
    _printf_a                                0x0800017f   Thumb Code     0  _printf_a.o(.ARM.Collect$$_printf_percent$$00000006)
    _printf_ll                               0x08000185   Thumb Code     0  _printf_ll.o(.ARM.Collect$$_printf_percent$$00000007)
    _printf_i                                0x0800018f   Thumb Code     0  _printf_i.o(.ARM.Collect$$_printf_percent$$00000008)
    _printf_d                                0x08000195   Thumb Code     0  _printf_d.o(.ARM.Collect$$_printf_percent$$00000009)
    _printf_u                                0x0800019b   Thumb Code     0  _printf_u.o(.ARM.Collect$$_printf_percent$$0000000A)
    _printf_o                                0x080001a1   Thumb Code     0  _printf_o.o(.ARM.Collect$$_printf_percent$$0000000B)
    _printf_x                                0x080001a7   Thumb Code     0  _printf_x.o(.ARM.Collect$$_printf_percent$$0000000C)
    _printf_lli                              0x080001ad   Thumb Code     0  _printf_lli.o(.ARM.Collect$$_printf_percent$$0000000D)
    _printf_lld                              0x080001b3   Thumb Code     0  _printf_lld.o(.ARM.Collect$$_printf_percent$$0000000E)
    _printf_llu                              0x080001b9   Thumb Code     0  _printf_llu.o(.ARM.Collect$$_printf_percent$$0000000F)
    _printf_llo                              0x080001bf   Thumb Code     0  _printf_llo.o(.ARM.Collect$$_printf_percent$$00000010)
    _printf_llx                              0x080001c5   Thumb Code     0  _printf_llx.o(.ARM.Collect$$_printf_percent$$00000011)
    _printf_l                                0x080001cb   Thumb Code     0  _printf_l.o(.ARM.Collect$$_printf_percent$$00000012)
    _printf_c                                0x080001d5   Thumb Code     0  _printf_c.o(.ARM.Collect$$_printf_percent$$00000013)
    _printf_s                                0x080001db   Thumb Code     0  _printf_s.o(.ARM.Collect$$_printf_percent$$00000014)
    _printf_lc                               0x080001e1   Thumb Code     0  _printf_lc.o(.ARM.Collect$$_printf_percent$$00000015)
    _printf_ls                               0x080001e7   Thumb Code     0  _printf_ls.o(.ARM.Collect$$_printf_percent$$00000016)
    _printf_percent_end                      0x080001ed   Thumb Code     0  _printf_percent_end.o(.ARM.Collect$$_printf_percent$$00000017)
    __rt_lib_init                            0x080001f1   Thumb Code     0  libinit.o(.ARM.Collect$$libinit$$00000000)
    __rt_lib_init_fp_1                       0x080001f3   Thumb Code     0  libinit2.o(.ARM.Collect$$libinit$$00000002)
    __rt_lib_init_heap_1                     0x080001f3   Thumb Code     0  libinit2.o(.ARM.Collect$$libinit$$0000000C)
    __rt_lib_init_lc_common                  0x080001f3   Thumb Code     0  libinit2.o(.ARM.Collect$$libinit$$00000011)
    __rt_lib_init_preinit_1                  0x080001f3   Thumb Code     0  libinit2.o(.ARM.Collect$$libinit$$00000006)
    __rt_lib_init_rand_1                     0x080001f3   Thumb Code     0  libinit2.o(.ARM.Collect$$libinit$$00000010)
    __rt_lib_init_relocate_pie_1             0x080001f3   Thumb Code     0  libinit2.o(.ARM.Collect$$libinit$$00000004)
    __rt_lib_init_user_alloc_1               0x080001f3   Thumb Code     0  libinit2.o(.ARM.Collect$$libinit$$0000000E)
    __rt_lib_init_lc_collate_1               0x080001f9   Thumb Code     0  libinit2.o(.ARM.Collect$$libinit$$00000013)
    __rt_lib_init_lc_ctype_2                 0x080001f9   Thumb Code     0  libinit2.o(.ARM.Collect$$libinit$$00000014)
    __rt_lib_init_lc_ctype_1                 0x08000205   Thumb Code     0  libinit2.o(.ARM.Collect$$libinit$$00000015)
    __rt_lib_init_lc_monetary_1              0x08000205   Thumb Code     0  libinit2.o(.ARM.Collect$$libinit$$00000017)
    __rt_lib_init_lc_numeric_2               0x08000205   Thumb Code     0  libinit2.o(.ARM.Collect$$libinit$$00000018)
    __rt_lib_init_alloca_1                   0x0800020f   Thumb Code     0  libinit2.o(.ARM.Collect$$libinit$$00000030)
    __rt_lib_init_argv_1                     0x0800020f   Thumb Code     0  libinit2.o(.ARM.Collect$$libinit$$0000002E)
    __rt_lib_init_atexit_1                   0x0800020f   Thumb Code     0  libinit2.o(.ARM.Collect$$libinit$$0000001D)
    __rt_lib_init_clock_1                    0x0800020f   Thumb Code     0  libinit2.o(.ARM.Collect$$libinit$$00000023)
    __rt_lib_init_cpp_1                      0x0800020f   Thumb Code     0  libinit2.o(.ARM.Collect$$libinit$$00000034)
    __rt_lib_init_exceptions_1               0x0800020f   Thumb Code     0  libinit2.o(.ARM.Collect$$libinit$$00000032)
    __rt_lib_init_fp_trap_1                  0x0800020f   Thumb Code     0  libinit2.o(.ARM.Collect$$libinit$$00000021)
    __rt_lib_init_getenv_1                   0x0800020f   Thumb Code     0  libinit2.o(.ARM.Collect$$libinit$$00000025)
    __rt_lib_init_lc_numeric_1               0x0800020f   Thumb Code     0  libinit2.o(.ARM.Collect$$libinit$$00000019)
    __rt_lib_init_lc_time_1                  0x0800020f   Thumb Code     0  libinit2.o(.ARM.Collect$$libinit$$0000001B)
    __rt_lib_init_return                     0x0800020f   Thumb Code     0  libinit2.o(.ARM.Collect$$libinit$$00000035)
    __rt_lib_init_signal_1                   0x0800020f   Thumb Code     0  libinit2.o(.ARM.Collect$$libinit$$0000001F)
    __rt_lib_init_stdio_1                    0x0800020f   Thumb Code     0  libinit2.o(.ARM.Collect$$libinit$$00000027)
    __rt_lib_shutdown                        0x08000211   Thumb Code     0  libshutdown.o(.ARM.Collect$$libshutdown$$00000000)
    __rt_lib_shutdown_cpp_1                  0x08000213   Thumb Code     0  libshutdown2.o(.ARM.Collect$$libshutdown$$00000002)
    __rt_lib_shutdown_fp_trap_1              0x08000213   Thumb Code     0  libshutdown2.o(.ARM.Collect$$libshutdown$$00000007)
    __rt_lib_shutdown_heap_1                 0x08000213   Thumb Code     0  libshutdown2.o(.ARM.Collect$$libshutdown$$0000000F)
    __rt_lib_shutdown_return                 0x08000213   Thumb Code     0  libshutdown2.o(.ARM.Collect$$libshutdown$$00000010)
    __rt_lib_shutdown_signal_1               0x08000213   Thumb Code     0  libshutdown2.o(.ARM.Collect$$libshutdown$$0000000A)
    __rt_lib_shutdown_stdio_1                0x08000213   Thumb Code     0  libshutdown2.o(.ARM.Collect$$libshutdown$$00000004)
    __rt_lib_shutdown_user_alloc_1           0x08000213   Thumb Code     0  libshutdown2.o(.ARM.Collect$$libshutdown$$0000000C)
    __rt_entry                               0x08000215   Thumb Code     0  __rtentry.o(.ARM.Collect$$rtentry$$00000000)
    __rt_entry_presh_1                       0x08000215   Thumb Code     0  __rtentry2.o(.ARM.Collect$$rtentry$$00000002)
    __rt_entry_sh                            0x08000215   Thumb Code     0  __rtentry4.o(.ARM.Collect$$rtentry$$00000004)
    __rt_entry_li                            0x0800021b   Thumb Code     0  __rtentry2.o(.ARM.Collect$$rtentry$$0000000A)
    __rt_entry_postsh_1                      0x0800021b   Thumb Code     0  __rtentry2.o(.ARM.Collect$$rtentry$$00000009)
    __rt_entry_main                          0x0800021f   Thumb Code     0  __rtentry2.o(.ARM.Collect$$rtentry$$0000000D)
    __rt_entry_postli_1                      0x0800021f   Thumb Code     0  __rtentry2.o(.ARM.Collect$$rtentry$$0000000C)
    __rt_exit                                0x08000227   Thumb Code     0  rtexit.o(.ARM.Collect$$rtexit$$00000000)
    __rt_exit_ls                             0x08000229   Thumb Code     0  rtexit2.o(.ARM.Collect$$rtexit$$00000003)
    __rt_exit_prels_1                        0x08000229   Thumb Code     0  rtexit2.o(.ARM.Collect$$rtexit$$00000002)
    __rt_exit_exit                           0x0800022d   Thumb Code     0  rtexit2.o(.ARM.Collect$$rtexit$$00000004)
    Reset_Handler                            0x08000235   Thumb Code     8  startup_stm32f103xb.o(.text)
    ADC1_2_IRQHandler                        0x0800024f   Thumb Code     0  startup_stm32f103xb.o(.text)
    CAN1_RX1_IRQHandler                      0x0800024f   Thumb Code     0  startup_stm32f103xb.o(.text)
    CAN1_SCE_IRQHandler                      0x0800024f   Thumb Code     0  startup_stm32f103xb.o(.text)
    DMA1_Channel1_IRQHandler                 0x0800024f   Thumb Code     0  startup_stm32f103xb.o(.text)
    DMA1_Channel2_IRQHandler                 0x0800024f   Thumb Code     0  startup_stm32f103xb.o(.text)
    DMA1_Channel3_IRQHandler                 0x0800024f   Thumb Code     0  startup_stm32f103xb.o(.text)
    DMA1_Channel4_IRQHandler                 0x0800024f   Thumb Code     0  startup_stm32f103xb.o(.text)
    DMA1_Channel5_IRQHandler                 0x0800024f   Thumb Code     0  startup_stm32f103xb.o(.text)
    DMA1_Channel6_IRQHandler                 0x0800024f   Thumb Code     0  startup_stm32f103xb.o(.text)
    DMA1_Channel7_IRQHandler                 0x0800024f   Thumb Code     0  startup_stm32f103xb.o(.text)
    EXTI0_IRQHandler                         0x0800024f   Thumb Code     0  startup_stm32f103xb.o(.text)
    EXTI15_10_IRQHandler                     0x0800024f   Thumb Code     0  startup_stm32f103xb.o(.text)
    EXTI1_IRQHandler                         0x0800024f   Thumb Code     0  startup_stm32f103xb.o(.text)
    EXTI2_IRQHandler                         0x0800024f   Thumb Code     0  startup_stm32f103xb.o(.text)
    EXTI3_IRQHandler                         0x0800024f   Thumb Code     0  startup_stm32f103xb.o(.text)
    EXTI4_IRQHandler                         0x0800024f   Thumb Code     0  startup_stm32f103xb.o(.text)
    EXTI9_5_IRQHandler                       0x0800024f   Thumb Code     0  startup_stm32f103xb.o(.text)
    FLASH_IRQHandler                         0x0800024f   Thumb Code     0  startup_stm32f103xb.o(.text)
    I2C1_ER_IRQHandler                       0x0800024f   Thumb Code     0  startup_stm32f103xb.o(.text)
    I2C1_EV_IRQHandler                       0x0800024f   Thumb Code     0  startup_stm32f103xb.o(.text)
    I2C2_ER_IRQHandler                       0x0800024f   Thumb Code     0  startup_stm32f103xb.o(.text)
    I2C2_EV_IRQHandler                       0x0800024f   Thumb Code     0  startup_stm32f103xb.o(.text)
    PVD_IRQHandler                           0x0800024f   Thumb Code     0  startup_stm32f103xb.o(.text)
    RCC_IRQHandler                           0x0800024f   Thumb Code     0  startup_stm32f103xb.o(.text)
    RTC_Alarm_IRQHandler                     0x0800024f   Thumb Code     0  startup_stm32f103xb.o(.text)
    RTC_IRQHandler                           0x0800024f   Thumb Code     0  startup_stm32f103xb.o(.text)
    SPI1_IRQHandler                          0x0800024f   Thumb Code     0  startup_stm32f103xb.o(.text)
    SPI2_IRQHandler                          0x0800024f   Thumb Code     0  startup_stm32f103xb.o(.text)
    TAMPER_IRQHandler                        0x0800024f   Thumb Code     0  startup_stm32f103xb.o(.text)
    TIM1_BRK_IRQHandler                      0x0800024f   Thumb Code     0  startup_stm32f103xb.o(.text)
    TIM1_CC_IRQHandler                       0x0800024f   Thumb Code     0  startup_stm32f103xb.o(.text)
    TIM1_TRG_COM_IRQHandler                  0x0800024f   Thumb Code     0  startup_stm32f103xb.o(.text)
    TIM1_UP_IRQHandler                       0x0800024f   Thumb Code     0  startup_stm32f103xb.o(.text)
    TIM3_IRQHandler                          0x0800024f   Thumb Code     0  startup_stm32f103xb.o(.text)
    TIM4_IRQHandler                          0x0800024f   Thumb Code     0  startup_stm32f103xb.o(.text)
    USART1_IRQHandler                        0x0800024f   Thumb Code     0  startup_stm32f103xb.o(.text)
    USART2_IRQHandler                        0x0800024f   Thumb Code     0  startup_stm32f103xb.o(.text)
    USART3_IRQHandler                        0x0800024f   Thumb Code     0  startup_stm32f103xb.o(.text)
    USBWakeUp_IRQHandler                     0x0800024f   Thumb Code     0  startup_stm32f103xb.o(.text)
    USB_HP_CAN1_TX_IRQHandler                0x0800024f   Thumb Code     0  startup_stm32f103xb.o(.text)
    USB_LP_CAN1_RX0_IRQHandler               0x0800024f   Thumb Code     0  startup_stm32f103xb.o(.text)
    WWDG_IRQHandler                          0x0800024f   Thumb Code     0  startup_stm32f103xb.o(.text)
    __user_initial_stackheap                 0x08000251   Thumb Code     0  startup_stm32f103xb.o(.text)
    sprintf                                  0x08000275   Thumb Code    38  sprintf.o(.text)
    strlen                                   0x080002a1   Thumb Code    62  strlen.o(.text)
    __aeabi_memclr                           0x080002df   Thumb Code     0  rt_memclr.o(.text)
    __rt_memclr                              0x080002df   Thumb Code     0  rt_memclr.o(.text)
    _memset                                  0x080002e3   Thumb Code    64  rt_memclr.o(.text)
    __aeabi_memclr4                          0x08000323   Thumb Code     0  rt_memclr_w.o(.text)
    __aeabi_memclr8                          0x08000323   Thumb Code     0  rt_memclr_w.o(.text)
    __rt_memclr_w                            0x08000323   Thumb Code     0  rt_memclr_w.o(.text)
    _memset_w                                0x08000327   Thumb Code    74  rt_memclr_w.o(.text)
    __use_two_region_memory                  0x08000371   Thumb Code     2  heapauxi.o(.text)
    __rt_heap_escrow$2region                 0x08000373   Thumb Code     2  heapauxi.o(.text)
    __rt_heap_expand$2region                 0x08000375   Thumb Code     2  heapauxi.o(.text)
    __read_errno                             0x08000377   Thumb Code    10  _rserrno.o(.text)
    __set_errno                              0x08000381   Thumb Code    12  _rserrno.o(.text)
    _printf_pre_padding                      0x0800038d   Thumb Code    44  _printf_pad.o(.text)
    _printf_post_padding                     0x080003b9   Thumb Code    34  _printf_pad.o(.text)
    _printf_truncate_signed                  0x080003db   Thumb Code    18  _printf_truncate.o(.text)
    _printf_truncate_unsigned                0x080003ed   Thumb Code    18  _printf_truncate.o(.text)
    _printf_str                              0x080003ff   Thumb Code    82  _printf_str.o(.text)
    _printf_int_dec                          0x08000451   Thumb Code   104  _printf_dec.o(.text)
    _printf_charcount                        0x080004c9   Thumb Code    40  _printf_charcount.o(.text)
    _printf_char_common                      0x080004fb   Thumb Code    32  _printf_char_common.o(.text)
    _sputc                                   0x08000521   Thumb Code    10  _sputc.o(.text)
    _printf_wctomb                           0x0800052d   Thumb Code   182  _printf_wctomb.o(.text)
    _printf_longlong_dec                     0x080005e9   Thumb Code   108  _printf_longlong_dec.o(.text)
    _printf_longlong_oct                     0x08000665   Thumb Code    68  _printf_oct_int_ll.o(.text)
    _printf_int_oct                          0x080006a9   Thumb Code    24  _printf_oct_int_ll.o(.text)
    _printf_ll_oct                           0x080006c1   Thumb Code    12  _printf_oct_int_ll.o(.text)
    _printf_longlong_hex                     0x080006d5   Thumb Code    86  _printf_hex_int_ll_ptr.o(.text)
    _printf_int_hex                          0x0800072b   Thumb Code    28  _printf_hex_int_ll_ptr.o(.text)
    _printf_ll_hex                           0x08000747   Thumb Code    12  _printf_hex_int_ll_ptr.o(.text)
    _printf_hex_ptr                          0x08000753   Thumb Code    18  _printf_hex_int_ll_ptr.o(.text)
    __printf                                 0x08000769   Thumb Code   388  __printf_flags_ss_wp.o(.text)
    __aeabi_errno_addr                       0x080008f1   Thumb Code     8  rt_errno_addr_intlibspace.o(.text)
    __errno$intlibspace                      0x080008f1   Thumb Code     0  rt_errno_addr_intlibspace.o(.text)
    __rt_errno_addr$intlibspace              0x080008f1   Thumb Code     0  rt_errno_addr_intlibspace.o(.text)
    _ll_udiv10                               0x080008f9   Thumb Code   138  lludiv10.o(.text)
    _printf_int_common                       0x08000983   Thumb Code   178  _printf_intcommon.o(.text)
    _printf_fp_dec_real                      0x08000be5   Thumb Code   620  _printf_fp_dec.o(.text)
    _printf_fp_hex_real                      0x08000e51   Thumb Code   756  _printf_fp_hex.o(.text)
    _printf_cs_common                        0x0800114d   Thumb Code    20  _printf_char.o(.text)
    _printf_char                             0x08001161   Thumb Code    16  _printf_char.o(.text)
    _printf_string                           0x08001171   Thumb Code     8  _printf_char.o(.text)
    _printf_lcs_common                       0x08001179   Thumb Code    20  _printf_wchar.o(.text)
    _printf_wchar                            0x0800118d   Thumb Code    16  _printf_wchar.o(.text)
    _printf_wstring                          0x0800119d   Thumb Code     8  _printf_wchar.o(.text)
    _c16rtomb                                0x080011a5   Thumb Code    72  _c16rtomb.o(.text)
    _wcrtomb                                 0x080011a5   Thumb Code     0  _c16rtomb.o(.text)
    __user_libspace                          0x080011ed   Thumb Code     8  libspace.o(.text)
    __user_perproc_libspace                  0x080011ed   Thumb Code     0  libspace.o(.text)
    __user_perthread_libspace                0x080011ed   Thumb Code     0  libspace.o(.text)
    __user_setup_stackheap                   0x080011f5   Thumb Code    74  sys_stackheap_outer.o(.text)
    __rt_ctype_table                         0x08001241   Thumb Code    16  rt_ctype_table.o(.text)
    __rt_locale                              0x08001251   Thumb Code     8  rt_locale_intlibspace.o(.text)
    _printf_fp_infnan                        0x08001259   Thumb Code   112  _printf_fp_infnan.o(.text)
    _btod_etento                             0x080012d9   Thumb Code   224  bigflt0.o(.text)
    exit                                     0x080013bd   Thumb Code    18  exit.o(.text)
    strcmp                                   0x080013d1   Thumb Code   128  strcmpv7m.o(.text)
    _sys_exit                                0x08001451   Thumb Code     8  sys_exit.o(.text)
    __I$use$semihosting                      0x0800145d   Thumb Code     0  use_no_semi.o(.text)
    __use_no_semihosting_swi                 0x0800145d   Thumb Code     2  use_no_semi.o(.text)
    __semihosting_library_function           0x0800145f   Thumb Code     0  indicate_semi.o(.text)
    ADXL_Init                                0x08001461   Thumb Code   130  gy80.o(.text.ADXL_Init)
    Angle_ACC                                0x080014e5   Thumb Code   166  gy80.o(.text.Angle_ACC)
    Angle_GYRO                               0x0800158d   Thumb Code   232  gy80.o(.text.Angle_GYRO)
    BMP180_Start                             0x08001675   Thumb Code    16  gy80.o(.text.BMP180_Start)
    BusFault_Handler                         0x08001685   Thumb Code     4  stm32f1xx_it.o(.text.BusFault_Handler)
    DebugMon_Handler                         0x0800190d   Thumb Code     2  stm32f1xx_it.o(.text.DebugMon_Handler)
    Error_Handler                            0x08001911   Thumb Code    14  main.o(.text.Error_Handler)
    HAL_Delay                                0x08001921   Thumb Code    66  stm32f1xx_hal.o(.text.HAL_Delay)
    HAL_GPIO_Init                            0x08001965   Thumb Code   798  stm32f1xx_hal_gpio.o(.text.HAL_GPIO_Init)
    HAL_GetTick                              0x08001c85   Thumb Code    12  stm32f1xx_hal.o(.text.HAL_GetTick)
    HAL_I2C_Init                             0x08001c91   Thumb Code   676  stm32f1xx_hal_i2c.o(.text.HAL_I2C_Init)
    HAL_I2C_Mem_Read                         0x08001f35   Thumb Code  1222  stm32f1xx_hal_i2c.o(.text.HAL_I2C_Mem_Read)
    HAL_I2C_Mem_Write                        0x080023fd   Thumb Code   528  stm32f1xx_hal_i2c.o(.text.HAL_I2C_Mem_Write)
    HAL_I2C_MspInit                          0x0800260d   Thumb Code   126  stm32f1xx_hal_msp.o(.text.HAL_I2C_MspInit)
    HAL_IncTick                              0x0800268d   Thumb Code    26  stm32f1xx_hal.o(.text.HAL_IncTick)
    HAL_Init                                 0x080026a9   Thumb Code    38  stm32f1xx_hal.o(.text.HAL_Init)
    HAL_InitTick                             0x080026d1   Thumb Code   112  stm32f1xx_hal.o(.text.HAL_InitTick)
    HAL_MspInit                              0x08002741   Thumb Code   100  stm32f1xx_hal_msp.o(.text.HAL_MspInit)
    HAL_NVIC_EnableIRQ                       0x080027a5   Thumb Code    20  stm32f1xx_hal_cortex.o(.text.HAL_NVIC_EnableIRQ)
    HAL_NVIC_SetPriority                     0x080027b9   Thumb Code    50  stm32f1xx_hal_cortex.o(.text.HAL_NVIC_SetPriority)
    HAL_NVIC_SetPriorityGrouping             0x080027ed   Thumb Code    16  stm32f1xx_hal_cortex.o(.text.HAL_NVIC_SetPriorityGrouping)
    HAL_RCC_ClockConfig                      0x080027fd   Thumb Code   598  stm32f1xx_hal_rcc.o(.text.HAL_RCC_ClockConfig)
    HAL_RCC_GetHCLKFreq                      0x08002a55   Thumb Code    12  stm32f1xx_hal_rcc.o(.text.HAL_RCC_GetHCLKFreq)
    HAL_RCC_GetPCLK1Freq                     0x08002a61   Thumb Code    34  stm32f1xx_hal_rcc.o(.text.HAL_RCC_GetPCLK1Freq)
    HAL_RCC_GetPCLK2Freq                     0x08002a85   Thumb Code    34  stm32f1xx_hal_rcc.o(.text.HAL_RCC_GetPCLK2Freq)
    HAL_RCC_GetSysClockFreq                  0x08002aa9   Thumb Code   228  stm32f1xx_hal_rcc.o(.text.HAL_RCC_GetSysClockFreq)
    HAL_RCC_OscConfig                        0x08002b8d   Thumb Code  1658  stm32f1xx_hal_rcc.o(.text.HAL_RCC_OscConfig)
    HAL_SYSTICK_Config                       0x08003209   Thumb Code    16  stm32f1xx_hal_cortex.o(.text.HAL_SYSTICK_Config)
    HAL_TIMEx_MasterConfigSynchronization    0x08003219   Thumb Code   220  stm32f1xx_hal_tim_ex.o(.text.HAL_TIMEx_MasterConfigSynchronization)
    HAL_TIM_Base_Init                        0x080032f5   Thumb Code   156  stm32f1xx_hal_tim.o(.text.HAL_TIM_Base_Init)
    HAL_TIM_Base_MspInit                     0x08003391   Thumb Code    72  stm32f1xx_hal_msp.o(.text.HAL_TIM_Base_MspInit)
    HAL_TIM_Base_Start_IT                    0x080033d9   Thumb Code   176  stm32f1xx_hal_tim.o(.text.HAL_TIM_Base_Start_IT)
    HAL_TIM_ConfigClockSource                0x08003489   Thumb Code   374  stm32f1xx_hal_tim.o(.text.HAL_TIM_ConfigClockSource)
    HAL_TIM_IRQHandler                       0x08003601   Thumb Code    54  stm32f1xx_hal_tim.o(.text.HAL_TIM_IRQHandler)
    HAL_TIM_PeriodElapsedCallback            0x08003639   Thumb Code    50  main.o(.text.HAL_TIM_PeriodElapsedCallback)
    HAL_UART_Init                            0x0800366d   Thumb Code   154  stm32f1xx_hal_uart.o(.text.HAL_UART_Init)
    HAL_UART_MspInit                         0x08003709   Thumb Code   148  stm32f1xx_hal_msp.o(.text.HAL_UART_MspInit)
    HAL_UART_Transmit                        0x0800379d   Thumb Code   334  stm32f1xx_hal_uart.o(.text.HAL_UART_Transmit)
    HMC5883L_Init                            0x080038ed   Thumb Code   130  gy80.o(.text.HMC5883L_Init)
    HardFault_Handler                        0x08003971   Thumb Code     4  stm32f1xx_it.o(.text.HardFault_Handler)
    Kalman_angle_solve                       0x080040bd   Thumb Code   488  gy80.o(.text.Kalman_angle_solve)
    Kalman_getAngle                          0x080042a5   Thumb Code   802  gy80.o(.text.Kalman_getAngle)
    L3G4_Init                                0x080045c9   Thumb Code   130  gy80.o(.text.L3G4_Init)
    MemManage_Handler                        0x08004805   Thumb Code     4  stm32f1xx_it.o(.text.MemManage_Handler)
    NMI_Handler                              0x08004809   Thumb Code     4  stm32f1xx_it.o(.text.NMI_Handler)
    PendSV_Handler                           0x08004879   Thumb Code     2  stm32f1xx_it.o(.text.PendSV_Handler)
    SVC_Handler                              0x080048b9   Thumb Code     2  stm32f1xx_it.o(.text.SVC_Handler)
    SysTick_Handler                          0x08004911   Thumb Code     8  stm32f1xx_it.o(.text.SysTick_Handler)
    SystemClock_Config                       0x08004919   Thumb Code   108  main.o(.text.SystemClock_Config)
    SystemInit                               0x08004985   Thumb Code     2  system_stm32f1xx.o(.text.SystemInit)
    TIM2_IRQHandler                          0x08004989   Thumb Code    16  stm32f1xx_it.o(.text.TIM2_IRQHandler)
    TIM_Base_SetConfig                       0x08004999   Thumb Code   240  stm32f1xx_hal_tim.o(.text.TIM_Base_SetConfig)
    TIM_ETR_SetConfig                        0x08004a89   Thumb Code    52  stm32f1xx_hal_tim.o(.text.TIM_ETR_SetConfig)
    UsageFault_Handler                       0x08004ce5   Thumb Code     4  stm32f1xx_it.o(.text.UsageFault_Handler)
    main                                     0x08004da9   Thumb Code   290  main.o(.text.main)
    read_ACC                                 0x08004ecd   Thumb Code   192  gy80.o(.text.read_ACC)
    read_GYRO                                0x08004f8d   Thumb Code   434  gy80.o(.text.read_GYRO)
    read_calliberation_data                  0x08005141   Thumb Code   296  gy80.o(.text.read_calliberation_data)
    _btod_d2e                                0x08005269   Thumb Code    62  btod.o(CL$$btod_d2e)
    _d2e_denorm_low                          0x080052a7   Thumb Code    70  btod.o(CL$$btod_d2e_denorm_low)
    _d2e_norm_op1                            0x080052ed   Thumb Code    96  btod.o(CL$$btod_d2e_norm_op1)
    __btod_div_common                        0x0800534d   Thumb Code   696  btod.o(CL$$btod_div_common)
    _e2e                                     0x08005685   Thumb Code   220  btod.o(CL$$btod_e2e)
    _btod_ediv                               0x08005761   Thumb Code    42  btod.o(CL$$btod_ediv)
    _btod_emul                               0x0800578b   Thumb Code    42  btod.o(CL$$btod_emul)
    __btod_mult_common                       0x080057b5   Thumb Code   580  btod.o(CL$$btod_mult_common)
    __ARM_fpclassify                         0x080059f9   Thumb Code    40  fpclassify.o(i.__ARM_fpclassify)
    __kernel_poly                            0x08005a21   Thumb Code   170  poly.o(i.__kernel_poly)
    __mathlib_dbl_infnan                     0x08005acb   Thumb Code     6  dunder.o(i.__mathlib_dbl_infnan)
    __mathlib_dbl_infnan2                    0x08005ad1   Thumb Code     4  dunder.o(i.__mathlib_dbl_infnan2)
    __mathlib_dbl_underflow                  0x08005ad5   Thumb Code    10  dunder.o(i.__mathlib_dbl_underflow)
    _is_digit                                0x08005ae5   Thumb Code    14  __printf_wp.o(i._is_digit)
    atan                                     0x08005af5   Thumb Code   474  atan.o(i.atan)
    atan2                                    0x08005d15   Thumb Code   374  atan2.o(i.atan2)
    sqrt                                     0x08005eb1   Thumb Code    76  sqrt.o(i.sqrt)
    _get_lc_numeric                          0x08005efd   Thumb Code    44  lc_numeric_c.o(locale$$code)
    _get_lc_ctype                            0x08005f29   Thumb Code    44  lc_ctype_c.o(locale$$code)
    __aeabi_dadd                             0x08005f55   Thumb Code     0  daddsub_clz.o(x$fpl$dadd)
    _dadd                                    0x08005f55   Thumb Code   332  daddsub_clz.o(x$fpl$dadd)
    __fpl_dcheck_NaN1                        0x080060a5   Thumb Code    10  dcheck1.o(x$fpl$dcheck1)
    __fpl_dcmp_Inf                           0x080060b5   Thumb Code    24  dcmpi.o(x$fpl$dcmpinf)
    __aeabi_ddiv                             0x080060cd   Thumb Code     0  ddiv.o(x$fpl$ddiv)
    _ddiv                                    0x080060cd   Thumb Code   556  ddiv.o(x$fpl$ddiv)
    __aeabi_cdcmpeq                          0x08006381   Thumb Code     0  deqf.o(x$fpl$deqf)
    _dcmpeq                                  0x08006381   Thumb Code   120  deqf.o(x$fpl$deqf)
    __aeabi_i2d                              0x080063f9   Thumb Code     0  dflt_clz.o(x$fpl$dflt)
    _dflt                                    0x080063f9   Thumb Code    46  dflt_clz.o(x$fpl$dflt)
    __aeabi_cdcmpge                          0x08006429   Thumb Code     0  dgeqf.o(x$fpl$dgeqf)
    _dcmpge                                  0x08006429   Thumb Code   120  dgeqf.o(x$fpl$dgeqf)
    __aeabi_cdcmple                          0x080064a1   Thumb Code     0  dleqf.o(x$fpl$dleqf)
    _dcmple                                  0x080064a1   Thumb Code   120  dleqf.o(x$fpl$dleqf)
    __fpl_dcmple_InfNaN                      0x08006503   Thumb Code     0  dleqf.o(x$fpl$dleqf)
    __aeabi_dmul                             0x08006519   Thumb Code     0  dmul.o(x$fpl$dmul)
    _dmul                                    0x08006519   Thumb Code   332  dmul.o(x$fpl$dmul)
    __fpl_dnaninf                            0x0800666d   Thumb Code   156  dnaninf.o(x$fpl$dnaninf)
    __fpl_dretinf                            0x08006709   Thumb Code    12  dretinf.o(x$fpl$dretinf)
    __aeabi_drsub                            0x08006715   Thumb Code     0  daddsub_clz.o(x$fpl$drsb)
    _drsb                                    0x08006715   Thumb Code    22  daddsub_clz.o(x$fpl$drsb)
    _dsqrt                                   0x0800672d   Thumb Code   456  dsqrt_noumaal.o(x$fpl$dsqrt)
    __aeabi_dsub                             0x080068f9   Thumb Code     0  daddsub_clz.o(x$fpl$dsub)
    _dsub                                    0x080068f9   Thumb Code   472  daddsub_clz.o(x$fpl$dsub)
    __aeabi_dcmpeq                           0x08006ad5   Thumb Code     0  dcmp.o(x$fpl$fcmp)
    _deq                                     0x08006ad5   Thumb Code    14  dcmp.o(x$fpl$fcmp)
    _dneq                                    0x08006ae3   Thumb Code    14  dcmp.o(x$fpl$fcmp)
    __aeabi_dcmpgt                           0x08006af1   Thumb Code     0  dcmp.o(x$fpl$fcmp)
    _dgr                                     0x08006af1   Thumb Code    14  dcmp.o(x$fpl$fcmp)
    __aeabi_dcmpge                           0x08006aff   Thumb Code     0  dcmp.o(x$fpl$fcmp)
    _dgeq                                    0x08006aff   Thumb Code    14  dcmp.o(x$fpl$fcmp)
    __aeabi_dcmple                           0x08006b0d   Thumb Code     0  dcmp.o(x$fpl$fcmp)
    _dleq                                    0x08006b0d   Thumb Code    14  dcmp.o(x$fpl$fcmp)
    __aeabi_dcmplt                           0x08006b1b   Thumb Code     0  dcmp.o(x$fpl$fcmp)
    _dls                                     0x08006b1b   Thumb Code    14  dcmp.o(x$fpl$fcmp)
    _printf_fp_dec                           0x08006b29   Thumb Code     4  printf1.o(x$fpl$printf1)
    _printf_fp_hex                           0x08006b2d   Thumb Code     4  printf2.o(x$fpl$printf2)
    __fpl_return_NaN                         0x08006b31   Thumb Code   100  retnan.o(x$fpl$retnan)
    __ARM_scalbn                             0x08006b95   Thumb Code    92  scalbn.o(x$fpl$scalbn)
    __fpl_cmpreturn                          0x08006bf1   Thumb Code    48  trapv.o(x$fpl$trapveneer)
    __I$use$fp                               0x08006c20   Number         0  usenofp.o(x$fpl$usenofp)
    __mathlib_zero                           0x08006d00   Data           8  qnan.o(.constdata)
    AHBPrescTable                            0x08006dc4   Data          16  system_stm32f1xx.o(.rodata.AHBPrescTable)
    APBPrescTable                            0x08006dd4   Data           8  system_stm32f1xx.o(.rodata.APBPrescTable)
    Region$$Table$$Base                      0x08006e40   Number         0  anon$$obj.o(Region$$Table)
    Region$$Table$$Limit                     0x08006e60   Number         0  anon$$obj.o(Region$$Table)
    __ctype                                  0x08006e89   Data           0  lc_ctype_c.o(locale$$data)
    DeltaT                                   0x20000000   Data           8  main.o(.data.DeltaT)
    KalmanX                                  0x20000008   Data          72  gy80.o(.data.KalmanX)
    KalmanY                                  0x20000050   Data          72  gy80.o(.data.KalmanY)
    SystemCoreClock                          0x20000098   Data           4  system_stm32f1xx.o(.data.SystemCoreClock)
    uwTickFreq                               0x2000009c   Data           1  stm32f1xx_hal.o(.data.uwTickFreq)
    uwTickPrio                               0x200000a0   Data           4  stm32f1xx_hal.o(.data.uwTickPrio)
    __libspace_start                         0x200000a8   Data          96  libspace.o(.bss)
    AC1                                      0x20000108   Data           2  gy80.o(.bss.AC1)
    __temporary_stack_top$libspace           0x20000108   Data           0  libspace.o(.bss)
    AC2                                      0x2000010a   Data           2  gy80.o(.bss.AC2)
    AC3                                      0x2000010c   Data           2  gy80.o(.bss.AC3)
    AC4                                      0x2000010e   Data           2  gy80.o(.bss.AC4)
    AC5                                      0x20000110   Data           2  gy80.o(.bss.AC5)
    AC6                                      0x20000112   Data           2  gy80.o(.bss.AC6)
    B1                                       0x20000114   Data           2  gy80.o(.bss.B1)
    B2                                       0x20000116   Data           2  gy80.o(.bss.B2)
    GY80                                     0x20000120   Data         184  main.o(.bss.GY80)
    MB                                       0x200001d8   Data           2  gy80.o(.bss.MB)
    MC                                       0x200001da   Data           2  gy80.o(.bss.MC)
    MD                                       0x200001dc   Data           2  gy80.o(.bss.MD)
    hi2c1                                    0x200001e0   Data          84  main.o(.bss.hi2c1)
    htim2                                    0x20000234   Data          72  main.o(.bss.htim2)
    huart2                                   0x2000027c   Data          68  main.o(.bss.huart2)
    uwTick                                   0x200002c0   Data           4  stm32f1xx_hal.o(.bss.uwTick)



==============================================================================

Memory Map of the image

  Image Entry point : 0x080000ed

  Load Region LR_IROM1 (Base: 0x08000000, Size: 0x00007038, Max: 0x00010000, ABSOLUTE)

    Execution Region ER_IROM1 (Exec base: 0x08000000, Load base: 0x08000000, Size: 0x00006f8c, Max: 0x00010000, ABSOLUTE)

    Exec Addr    Load Addr    Size         Type   Attr      Idx    E Section Name        Object

    0x08000000   0x08000000   0x000000ec   Data   RO            3    RESET               startup_stm32f103xb.o
    0x080000ec   0x080000ec   0x00000008   Code   RO         1217  * !!!main             c_w.l(__main.o)
    0x080000f4   0x080000f4   0x00000034   Code   RO         1666    !!!scatter          c_w.l(__scatter.o)
    0x08000128   0x08000128   0x0000001a   Code   RO         1668    !!handler_copy      c_w.l(__scatter_copy.o)
    0x08000142   0x08000142   0x00000002   PAD
    0x08000144   0x08000144   0x0000001c   Code   RO         1670    !!handler_zi        c_w.l(__scatter_zi.o)
    0x08000160   0x08000160   0x00000000   Code   RO         1363    .ARM.Collect$$_printf_percent$$00000000  c_w.l(_printf_percent.o)
    0x08000160   0x08000160   0x00000006   Code   RO         1352    .ARM.Collect$$_printf_percent$$00000001  c_w.l(_printf_n.o)
    0x08000166   0x08000166   0x00000006   Code   RO         1354    .ARM.Collect$$_printf_percent$$00000002  c_w.l(_printf_p.o)
    0x0800016c   0x0800016c   0x00000006   Code   RO         1359    .ARM.Collect$$_printf_percent$$00000003  c_w.l(_printf_f.o)
    0x08000172   0x08000172   0x00000006   Code   RO         1360    .ARM.Collect$$_printf_percent$$00000004  c_w.l(_printf_e.o)
    0x08000178   0x08000178   0x00000006   Code   RO         1361    .ARM.Collect$$_printf_percent$$00000005  c_w.l(_printf_g.o)
    0x0800017e   0x0800017e   0x00000006   Code   RO         1362    .ARM.Collect$$_printf_percent$$00000006  c_w.l(_printf_a.o)
    0x08000184   0x08000184   0x0000000a   Code   RO         1367    .ARM.Collect$$_printf_percent$$00000007  c_w.l(_printf_ll.o)
    0x0800018e   0x0800018e   0x00000006   Code   RO         1356    .ARM.Collect$$_printf_percent$$00000008  c_w.l(_printf_i.o)
    0x08000194   0x08000194   0x00000006   Code   RO         1357    .ARM.Collect$$_printf_percent$$00000009  c_w.l(_printf_d.o)
    0x0800019a   0x0800019a   0x00000006   Code   RO         1358    .ARM.Collect$$_printf_percent$$0000000A  c_w.l(_printf_u.o)
    0x080001a0   0x080001a0   0x00000006   Code   RO         1355    .ARM.Collect$$_printf_percent$$0000000B  c_w.l(_printf_o.o)
    0x080001a6   0x080001a6   0x00000006   Code   RO         1353    .ARM.Collect$$_printf_percent$$0000000C  c_w.l(_printf_x.o)
    0x080001ac   0x080001ac   0x00000006   Code   RO         1364    .ARM.Collect$$_printf_percent$$0000000D  c_w.l(_printf_lli.o)
    0x080001b2   0x080001b2   0x00000006   Code   RO         1365    .ARM.Collect$$_printf_percent$$0000000E  c_w.l(_printf_lld.o)
    0x080001b8   0x080001b8   0x00000006   Code   RO         1366    .ARM.Collect$$_printf_percent$$0000000F  c_w.l(_printf_llu.o)
    0x080001be   0x080001be   0x00000006   Code   RO         1371    .ARM.Collect$$_printf_percent$$00000010  c_w.l(_printf_llo.o)
    0x080001c4   0x080001c4   0x00000006   Code   RO         1372    .ARM.Collect$$_printf_percent$$00000011  c_w.l(_printf_llx.o)
    0x080001ca   0x080001ca   0x0000000a   Code   RO         1368    .ARM.Collect$$_printf_percent$$00000012  c_w.l(_printf_l.o)
    0x080001d4   0x080001d4   0x00000006   Code   RO         1350    .ARM.Collect$$_printf_percent$$00000013  c_w.l(_printf_c.o)
    0x080001da   0x080001da   0x00000006   Code   RO         1351    .ARM.Collect$$_printf_percent$$00000014  c_w.l(_printf_s.o)
    0x080001e0   0x080001e0   0x00000006   Code   RO         1369    .ARM.Collect$$_printf_percent$$00000015  c_w.l(_printf_lc.o)
    0x080001e6   0x080001e6   0x00000006   Code   RO         1370    .ARM.Collect$$_printf_percent$$00000016  c_w.l(_printf_ls.o)
    0x080001ec   0x080001ec   0x00000004   Code   RO         1458    .ARM.Collect$$_printf_percent$$00000017  c_w.l(_printf_percent_end.o)
    0x080001f0   0x080001f0   0x00000002   Code   RO         1516    .ARM.Collect$$libinit$$00000000  c_w.l(libinit.o)
    0x080001f2   0x080001f2   0x00000000   Code   RO         1531    .ARM.Collect$$libinit$$00000002  c_w.l(libinit2.o)
    0x080001f2   0x080001f2   0x00000000   Code   RO         1533    .ARM.Collect$$libinit$$00000004  c_w.l(libinit2.o)
    0x080001f2   0x080001f2   0x00000000   Code   RO         1535    .ARM.Collect$$libinit$$00000006  c_w.l(libinit2.o)
    0x080001f2   0x080001f2   0x00000000   Code   RO         1538    .ARM.Collect$$libinit$$0000000C  c_w.l(libinit2.o)
    0x080001f2   0x080001f2   0x00000000   Code   RO         1540    .ARM.Collect$$libinit$$0000000E  c_w.l(libinit2.o)
    0x080001f2   0x080001f2   0x00000000   Code   RO         1542    .ARM.Collect$$libinit$$00000010  c_w.l(libinit2.o)
    0x080001f2   0x080001f2   0x00000006   Code   RO         1543    .ARM.Collect$$libinit$$00000011  c_w.l(libinit2.o)
    0x080001f8   0x080001f8   0x00000000   Code   RO         1545    .ARM.Collect$$libinit$$00000013  c_w.l(libinit2.o)
    0x080001f8   0x080001f8   0x0000000c   Code   RO         1546    .ARM.Collect$$libinit$$00000014  c_w.l(libinit2.o)
    0x08000204   0x08000204   0x00000000   Code   RO         1547    .ARM.Collect$$libinit$$00000015  c_w.l(libinit2.o)
    0x08000204   0x08000204   0x00000000   Code   RO         1549    .ARM.Collect$$libinit$$00000017  c_w.l(libinit2.o)
    0x08000204   0x08000204   0x0000000a   Code   RO         1550    .ARM.Collect$$libinit$$00000018  c_w.l(libinit2.o)
    0x0800020e   0x0800020e   0x00000000   Code   RO         1551    .ARM.Collect$$libinit$$00000019  c_w.l(libinit2.o)
    0x0800020e   0x0800020e   0x00000000   Code   RO         1553    .ARM.Collect$$libinit$$0000001B  c_w.l(libinit2.o)
    0x0800020e   0x0800020e   0x00000000   Code   RO         1555    .ARM.Collect$$libinit$$0000001D  c_w.l(libinit2.o)
    0x0800020e   0x0800020e   0x00000000   Code   RO         1557    .ARM.Collect$$libinit$$0000001F  c_w.l(libinit2.o)
    0x0800020e   0x0800020e   0x00000000   Code   RO         1559    .ARM.Collect$$libinit$$00000021  c_w.l(libinit2.o)
    0x0800020e   0x0800020e   0x00000000   Code   RO         1561    .ARM.Collect$$libinit$$00000023  c_w.l(libinit2.o)
    0x0800020e   0x0800020e   0x00000000   Code   RO         1563    .ARM.Collect$$libinit$$00000025  c_w.l(libinit2.o)
    0x0800020e   0x0800020e   0x00000000   Code   RO         1565    .ARM.Collect$$libinit$$00000027  c_w.l(libinit2.o)
    0x0800020e   0x0800020e   0x00000000   Code   RO         1569    .ARM.Collect$$libinit$$0000002E  c_w.l(libinit2.o)
    0x0800020e   0x0800020e   0x00000000   Code   RO         1571    .ARM.Collect$$libinit$$00000030  c_w.l(libinit2.o)
    0x0800020e   0x0800020e   0x00000000   Code   RO         1573    .ARM.Collect$$libinit$$00000032  c_w.l(libinit2.o)
    0x0800020e   0x0800020e   0x00000000   Code   RO         1575    .ARM.Collect$$libinit$$00000034  c_w.l(libinit2.o)
    0x0800020e   0x0800020e   0x00000002   Code   RO         1576    .ARM.Collect$$libinit$$00000035  c_w.l(libinit2.o)
    0x08000210   0x08000210   0x00000002   Code   RO         1602    .ARM.Collect$$libshutdown$$00000000  c_w.l(libshutdown.o)
    0x08000212   0x08000212   0x00000000   Code   RO         1617    .ARM.Collect$$libshutdown$$00000002  c_w.l(libshutdown2.o)
    0x08000212   0x08000212   0x00000000   Code   RO         1619    .ARM.Collect$$libshutdown$$00000004  c_w.l(libshutdown2.o)
    0x08000212   0x08000212   0x00000000   Code   RO         1622    .ARM.Collect$$libshutdown$$00000007  c_w.l(libshutdown2.o)
    0x08000212   0x08000212   0x00000000   Code   RO         1625    .ARM.Collect$$libshutdown$$0000000A  c_w.l(libshutdown2.o)
    0x08000212   0x08000212   0x00000000   Code   RO         1627    .ARM.Collect$$libshutdown$$0000000C  c_w.l(libshutdown2.o)
    0x08000212   0x08000212   0x00000000   Code   RO         1630    .ARM.Collect$$libshutdown$$0000000F  c_w.l(libshutdown2.o)
    0x08000212   0x08000212   0x00000002   Code   RO         1631    .ARM.Collect$$libshutdown$$00000010  c_w.l(libshutdown2.o)
    0x08000214   0x08000214   0x00000000   Code   RO         1279    .ARM.Collect$$rtentry$$00000000  c_w.l(__rtentry.o)
    0x08000214   0x08000214   0x00000000   Code   RO         1422    .ARM.Collect$$rtentry$$00000002  c_w.l(__rtentry2.o)
    0x08000214   0x08000214   0x00000006   Code   RO         1434    .ARM.Collect$$rtentry$$00000004  c_w.l(__rtentry4.o)
    0x0800021a   0x0800021a   0x00000000   Code   RO         1424    .ARM.Collect$$rtentry$$00000009  c_w.l(__rtentry2.o)
    0x0800021a   0x0800021a   0x00000004   Code   RO         1425    .ARM.Collect$$rtentry$$0000000A  c_w.l(__rtentry2.o)
    0x0800021e   0x0800021e   0x00000000   Code   RO         1427    .ARM.Collect$$rtentry$$0000000C  c_w.l(__rtentry2.o)
    0x0800021e   0x0800021e   0x00000008   Code   RO         1428    .ARM.Collect$$rtentry$$0000000D  c_w.l(__rtentry2.o)
    0x08000226   0x08000226   0x00000002   Code   RO         1521    .ARM.Collect$$rtexit$$00000000  c_w.l(rtexit.o)
    0x08000228   0x08000228   0x00000000   Code   RO         1580    .ARM.Collect$$rtexit$$00000002  c_w.l(rtexit2.o)
    0x08000228   0x08000228   0x00000004   Code   RO         1581    .ARM.Collect$$rtexit$$00000003  c_w.l(rtexit2.o)
    0x0800022c   0x0800022c   0x00000006   Code   RO         1582    .ARM.Collect$$rtexit$$00000004  c_w.l(rtexit2.o)
    0x08000232   0x08000232   0x00000002   PAD
    0x08000234   0x08000234   0x00000040   Code   RO            4    .text               startup_stm32f103xb.o
    0x08000274   0x08000274   0x0000002c   Code   RO         1207    .text               c_w.l(sprintf.o)
    0x080002a0   0x080002a0   0x0000003e   Code   RO         1209    .text               c_w.l(strlen.o)
    0x080002de   0x080002de   0x00000044   Code   RO         1211    .text               c_w.l(rt_memclr.o)
    0x08000322   0x08000322   0x0000004e   Code   RO         1213    .text               c_w.l(rt_memclr_w.o)
    0x08000370   0x08000370   0x00000006   Code   RO         1215    .text               c_w.l(heapauxi.o)
    0x08000376   0x08000376   0x00000016   Code   RO         1280    .text               c_w.l(_rserrno.o)
    0x0800038c   0x0800038c   0x0000004e   Code   RO         1284    .text               c_w.l(_printf_pad.o)
    0x080003da   0x080003da   0x00000024   Code   RO         1286    .text               c_w.l(_printf_truncate.o)
    0x080003fe   0x080003fe   0x00000052   Code   RO         1288    .text               c_w.l(_printf_str.o)
    0x08000450   0x08000450   0x00000078   Code   RO         1290    .text               c_w.l(_printf_dec.o)
    0x080004c8   0x080004c8   0x00000028   Code   RO         1292    .text               c_w.l(_printf_charcount.o)
    0x080004f0   0x080004f0   0x00000030   Code   RO         1294    .text               c_w.l(_printf_char_common.o)
    0x08000520   0x08000520   0x0000000a   Code   RO         1296    .text               c_w.l(_sputc.o)
    0x0800052a   0x0800052a   0x00000002   PAD
    0x0800052c   0x0800052c   0x000000bc   Code   RO         1298    .text               c_w.l(_printf_wctomb.o)
    0x080005e8   0x080005e8   0x0000007c   Code   RO         1301    .text               c_w.l(_printf_longlong_dec.o)
    0x08000664   0x08000664   0x00000070   Code   RO         1307    .text               c_w.l(_printf_oct_int_ll.o)
    0x080006d4   0x080006d4   0x00000094   Code   RO         1327    .text               c_w.l(_printf_hex_int_ll_ptr.o)
    0x08000768   0x08000768   0x00000188   Code   RO         1347    .text               c_w.l(__printf_flags_ss_wp.o)
    0x080008f0   0x080008f0   0x00000008   Code   RO         1439    .text               c_w.l(rt_errno_addr_intlibspace.o)
    0x080008f8   0x080008f8   0x0000008a   Code   RO         1441    .text               c_w.l(lludiv10.o)
    0x08000982   0x08000982   0x000000b2   Code   RO         1443    .text               c_w.l(_printf_intcommon.o)
    0x08000a34   0x08000a34   0x0000041c   Code   RO         1445    .text               c_w.l(_printf_fp_dec.o)
    0x08000e50   0x08000e50   0x000002fc   Code   RO         1449    .text               c_w.l(_printf_fp_hex.o)
    0x0800114c   0x0800114c   0x0000002c   Code   RO         1454    .text               c_w.l(_printf_char.o)
    0x08001178   0x08001178   0x0000002c   Code   RO         1456    .text               c_w.l(_printf_wchar.o)
    0x080011a4   0x080011a4   0x00000048   Code   RO         1459    .text               c_w.l(_c16rtomb.o)
    0x080011ec   0x080011ec   0x00000008   Code   RO         1465    .text               c_w.l(libspace.o)
    0x080011f4   0x080011f4   0x0000004a   Code   RO         1468    .text               c_w.l(sys_stackheap_outer.o)
    0x0800123e   0x0800123e   0x00000002   PAD
    0x08001240   0x08001240   0x00000010   Code   RO         1470    .text               c_w.l(rt_ctype_table.o)
    0x08001250   0x08001250   0x00000008   Code   RO         1475    .text               c_w.l(rt_locale_intlibspace.o)
    0x08001258   0x08001258   0x00000080   Code   RO         1477    .text               c_w.l(_printf_fp_infnan.o)
    0x080012d8   0x080012d8   0x000000e4   Code   RO         1479    .text               c_w.l(bigflt0.o)
    0x080013bc   0x080013bc   0x00000012   Code   RO         1509    .text               c_w.l(exit.o)
    0x080013ce   0x080013ce   0x00000002   PAD
    0x080013d0   0x080013d0   0x00000080   Code   RO         1528    .text               c_w.l(strcmpv7m.o)
    0x08001450   0x08001450   0x0000000c   Code   RO         1592    .text               c_w.l(sys_exit.o)
    0x0800145c   0x0800145c   0x00000002   Code   RO         1607    .text               c_w.l(use_no_semi.o)
    0x0800145e   0x0800145e   0x00000000   Code   RO         1609    .text               c_w.l(indicate_semi.o)
    0x0800145e   0x0800145e   0x00000002   PAD
    0x08001460   0x08001460   0x00000082   Code   RO           97    .text.ADXL_Init     gy80.o
    0x080014e2   0x080014e2   0x00000002   PAD
    0x080014e4   0x080014e4   0x000000a6   Code   RO          111    .text.Angle_ACC     gy80.o
    0x0800158a   0x0800158a   0x00000002   PAD
    0x0800158c   0x0800158c   0x000000e8   Code   RO          109    .text.Angle_GYRO    gy80.o
    0x08001674   0x08001674   0x00000010   Code   RO          129    .text.BMP180_Start  gy80.o
    0x08001684   0x08001684   0x00000004   Code   RO           59    .text.BusFault_Handler  stm32f1xx_it.o
    0x08001688   0x08001688   0x00000284   Code   RO           23    .text.Calib         main.o
    0x0800190c   0x0800190c   0x00000002   Code   RO           65    .text.DebugMon_Handler  stm32f1xx_it.o
    0x0800190e   0x0800190e   0x00000002   PAD
    0x08001910   0x08001910   0x0000000e   Code   RO           27    .text.Error_Handler  main.o
    0x0800191e   0x0800191e   0x00000002   PAD
    0x08001920   0x08001920   0x00000042   Code   RO          369    .text.HAL_Delay     stm32f1xx_hal.o
    0x08001962   0x08001962   0x00000002   PAD
    0x08001964   0x08001964   0x0000031e   Code   RO          463    .text.HAL_GPIO_Init  stm32f1xx_hal_gpio.o
    0x08001c82   0x08001c82   0x00000002   PAD
    0x08001c84   0x08001c84   0x0000000c   Code   RO          361    .text.HAL_GetTick   stm32f1xx_hal.o
    0x08001c90   0x08001c90   0x000002a4   Code   RO          180    .text.HAL_I2C_Init  stm32f1xx_hal_i2c.o
    0x08001f34   0x08001f34   0x000004c6   Code   RO          234    .text.HAL_I2C_Mem_Read  stm32f1xx_hal_i2c.o
    0x080023fa   0x080023fa   0x00000002   PAD
    0x080023fc   0x080023fc   0x00000210   Code   RO          230    .text.HAL_I2C_Mem_Write  stm32f1xx_hal_i2c.o
    0x0800260c   0x0800260c   0x0000007e   Code   RO           80    .text.HAL_I2C_MspInit  stm32f1xx_hal_msp.o
    0x0800268a   0x0800268a   0x00000002   PAD
    0x0800268c   0x0800268c   0x0000001a   Code   RO          359    .text.HAL_IncTick   stm32f1xx_hal.o
    0x080026a6   0x080026a6   0x00000002   PAD
    0x080026a8   0x080026a8   0x00000026   Code   RO          349    .text.HAL_Init      stm32f1xx_hal.o
    0x080026ce   0x080026ce   0x00000002   PAD
    0x080026d0   0x080026d0   0x00000070   Code   RO          351    .text.HAL_InitTick  stm32f1xx_hal.o
    0x08002740   0x08002740   0x00000064   Code   RO           78    .text.HAL_MspInit   stm32f1xx_hal_msp.o
    0x080027a4   0x080027a4   0x00000014   Code   RO          531    .text.HAL_NVIC_EnableIRQ  stm32f1xx_hal_cortex.o
    0x080027b8   0x080027b8   0x00000032   Code   RO          523    .text.HAL_NVIC_SetPriority  stm32f1xx_hal_cortex.o
    0x080027ea   0x080027ea   0x00000002   PAD
    0x080027ec   0x080027ec   0x00000010   Code   RO          519    .text.HAL_NVIC_SetPriorityGrouping  stm32f1xx_hal_cortex.o
    0x080027fc   0x080027fc   0x00000256   Code   RO          415    .text.HAL_RCC_ClockConfig  stm32f1xx_hal_rcc.o
    0x08002a52   0x08002a52   0x00000002   PAD
    0x08002a54   0x08002a54   0x0000000c   Code   RO          425    .text.HAL_RCC_GetHCLKFreq  stm32f1xx_hal_rcc.o
    0x08002a60   0x08002a60   0x00000022   Code   RO          427    .text.HAL_RCC_GetPCLK1Freq  stm32f1xx_hal_rcc.o
    0x08002a82   0x08002a82   0x00000002   PAD
    0x08002a84   0x08002a84   0x00000022   Code   RO          429    .text.HAL_RCC_GetPCLK2Freq  stm32f1xx_hal_rcc.o
    0x08002aa6   0x08002aa6   0x00000002   PAD
    0x08002aa8   0x08002aa8   0x000000e4   Code   RO          417    .text.HAL_RCC_GetSysClockFreq  stm32f1xx_hal_rcc.o
    0x08002b8c   0x08002b8c   0x0000067a   Code   RO          411    .text.HAL_RCC_OscConfig  stm32f1xx_hal_rcc.o
    0x08003206   0x08003206   0x00000002   PAD
    0x08003208   0x08003208   0x00000010   Code   RO          543    .text.HAL_SYSTICK_Config  stm32f1xx_hal_cortex.o
    0x08003218   0x08003218   0x000000dc   Code   RO         1040    .text.HAL_TIMEx_MasterConfigSynchronization  stm32f1xx_hal_tim_ex.o
    0x080032f4   0x080032f4   0x0000009c   Code   RO          727    .text.HAL_TIM_Base_Init  stm32f1xx_hal_tim.o
    0x08003390   0x08003390   0x00000048   Code   RO           84    .text.HAL_TIM_Base_MspInit  stm32f1xx_hal_msp.o
    0x080033d8   0x080033d8   0x000000b0   Code   RO          741    .text.HAL_TIM_Base_Start_IT  stm32f1xx_hal_tim.o
    0x08003488   0x08003488   0x00000176   Code   RO          911    .text.HAL_TIM_ConfigClockSource  stm32f1xx_hal_tim.o
    0x080035fe   0x080035fe   0x00000002   PAD
    0x08003600   0x08003600   0x00000036   Code   RO          861    .text.HAL_TIM_IRQHandler  stm32f1xx_hal_tim.o
    0x08003636   0x08003636   0x00000002   PAD
    0x08003638   0x08003638   0x00000032   Code   RO           25    .text.HAL_TIM_PeriodElapsedCallback  main.o
    0x0800366a   0x0800366a   0x00000002   PAD
    0x0800366c   0x0800366c   0x0000009a   Code   RO         1063    .text.HAL_UART_Init  stm32f1xx_hal_uart.o
    0x08003706   0x08003706   0x00000002   PAD
    0x08003708   0x08003708   0x00000094   Code   RO           86    .text.HAL_UART_MspInit  stm32f1xx_hal_msp.o
    0x0800379c   0x0800379c   0x0000014e   Code   RO         1079    .text.HAL_UART_Transmit  stm32f1xx_hal_uart.o
    0x080038ea   0x080038ea   0x00000002   PAD
    0x080038ec   0x080038ec   0x00000082   Code   RO          105    .text.HMC5883L_Init  gy80.o
    0x0800396e   0x0800396e   0x00000002   PAD
    0x08003970   0x08003970   0x00000004   Code   RO           55    .text.HardFault_Handler  stm32f1xx_it.o
    0x08003974   0x08003974   0x00000064   Code   RO          340    .text.I2C_IsAcknowledgeFailed  stm32f1xx_hal_i2c.o
    0x080039d8   0x080039d8   0x000001e2   Code   RO          236    .text.I2C_RequestMemoryRead  stm32f1xx_hal_i2c.o
    0x08003bba   0x08003bba   0x00000002   PAD
    0x08003bbc   0x08003bbc   0x0000013a   Code   RO          232    .text.I2C_RequestMemoryWrite  stm32f1xx_hal_i2c.o
    0x08003cf6   0x08003cf6   0x00000002   PAD
    0x08003cf8   0x08003cf8   0x00000096   Code   RO          196    .text.I2C_WaitOnBTFFlagUntilTimeout  stm32f1xx_hal_i2c.o
    0x08003d8e   0x08003d8e   0x00000002   PAD
    0x08003d90   0x08003d90   0x000000be   Code   RO          190    .text.I2C_WaitOnFlagUntilTimeout  stm32f1xx_hal_i2c.o
    0x08003e4e   0x08003e4e   0x00000002   PAD
    0x08003e50   0x08003e50   0x00000110   Code   RO          338    .text.I2C_WaitOnMasterAddressFlagUntilTimeout  stm32f1xx_hal_i2c.o
    0x08003f60   0x08003f60   0x000000c6   Code   RO          202    .text.I2C_WaitOnRXNEFlagUntilTimeout  stm32f1xx_hal_i2c.o
    0x08004026   0x08004026   0x00000002   PAD
    0x08004028   0x08004028   0x00000094   Code   RO          194    .text.I2C_WaitOnTXEFlagUntilTimeout  stm32f1xx_hal_i2c.o
    0x080040bc   0x080040bc   0x000001e8   Code   RO          113    .text.Kalman_angle_solve  gy80.o
    0x080042a4   0x080042a4   0x00000322   Code   RO          115    .text.Kalman_getAngle  gy80.o
    0x080045c6   0x080045c6   0x00000002   PAD
    0x080045c8   0x080045c8   0x00000082   Code   RO          101    .text.L3G4_Init     gy80.o
    0x0800464a   0x0800464a   0x00000002   PAD
    0x0800464c   0x0800464c   0x000000aa   Code   RO           15    .text.MX_GPIO_Init  main.o
    0x080046f6   0x080046f6   0x00000002   PAD
    0x080046f8   0x080046f8   0x00000048   Code   RO           19    .text.MX_I2C1_Init  main.o
    0x08004740   0x08004740   0x00000084   Code   RO           17    .text.MX_TIM2_Init  main.o
    0x080047c4   0x080047c4   0x00000040   Code   RO           21    .text.MX_USART2_UART_Init  main.o
    0x08004804   0x08004804   0x00000004   Code   RO           57    .text.MemManage_Handler  stm32f1xx_it.o
    0x08004808   0x08004808   0x00000004   Code   RO           51    .text.NMI_Handler   stm32f1xx_it.o
    0x0800480c   0x0800480c   0x0000006c   Code   RO          529    .text.NVIC_EncodePriority  stm32f1xx_hal_cortex.o
    0x08004878   0x08004878   0x00000002   Code   RO           67    .text.PendSV_Handler  stm32f1xx_it.o
    0x0800487a   0x0800487a   0x00000002   PAD
    0x0800487c   0x0800487c   0x0000003a   Code   RO          413    .text.RCC_Delay     stm32f1xx_hal_rcc.o
    0x080048b6   0x080048b6   0x00000002   PAD
    0x080048b8   0x080048b8   0x00000002   Code   RO           63    .text.SVC_Handler   stm32f1xx_it.o
    0x080048ba   0x080048ba   0x00000002   PAD
    0x080048bc   0x080048bc   0x00000052   Code   RO          545    .text.SysTick_Config  stm32f1xx_hal_cortex.o
    0x0800490e   0x0800490e   0x00000002   PAD
    0x08004910   0x08004910   0x00000008   Code   RO           69    .text.SysTick_Handler  stm32f1xx_it.o
    0x08004918   0x08004918   0x0000006c   Code   RO           13    .text.SystemClock_Config  main.o
    0x08004984   0x08004984   0x00000002   Code   RO         1192    .text.SystemInit    system_stm32f1xx.o
    0x08004986   0x08004986   0x00000002   PAD
    0x08004988   0x08004988   0x00000010   Code   RO           53    .text.TIM2_IRQHandler  stm32f1xx_it.o
    0x08004998   0x08004998   0x000000f0   Code   RO          731    .text.TIM_Base_SetConfig  stm32f1xx_hal_tim.o
    0x08004a88   0x08004a88   0x00000034   Code   RO          909    .text.TIM_ETR_SetConfig  stm32f1xx_hal_tim.o
    0x08004abc   0x08004abc   0x0000002a   Code   RO          915    .text.TIM_ITRx_SetConfig  stm32f1xx_hal_tim.o
    0x08004ae6   0x08004ae6   0x00000002   PAD
    0x08004ae8   0x08004ae8   0x00000050   Code   RO          913    .text.TIM_TI1_ConfigInputStage  stm32f1xx_hal_tim.o
    0x08004b38   0x08004b38   0x00000052   Code   RO          917    .text.TIM_TI2_ConfigInputStage  stm32f1xx_hal_tim.o
    0x08004b8a   0x08004b8a   0x00000002   PAD
    0x08004b8c   0x08004b8c   0x000000ba   Code   RO         1067    .text.UART_SetConfig  stm32f1xx_hal_uart.o
    0x08004c46   0x08004c46   0x00000002   PAD
    0x08004c48   0x08004c48   0x0000009c   Code   RO         1081    .text.UART_WaitOnFlagUntilTimeout  stm32f1xx_hal_uart.o
    0x08004ce4   0x08004ce4   0x00000004   Code   RO           61    .text.UsageFault_Handler  stm32f1xx_it.o
    0x08004ce8   0x08004ce8   0x00000030   Code   RO          533    .text.__NVIC_EnableIRQ  stm32f1xx_hal_cortex.o
    0x08004d18   0x08004d18   0x00000010   Code   RO          525    .text.__NVIC_GetPriorityGrouping  stm32f1xx_hal_cortex.o
    0x08004d28   0x08004d28   0x00000042   Code   RO          527    .text.__NVIC_SetPriority  stm32f1xx_hal_cortex.o
    0x08004d6a   0x08004d6a   0x00000002   PAD
    0x08004d6c   0x08004d6c   0x0000003c   Code   RO          521    .text.__NVIC_SetPriorityGrouping  stm32f1xx_hal_cortex.o
    0x08004da8   0x08004da8   0x00000122   Code   RO           11    .text.main          main.o
    0x08004eca   0x08004eca   0x00000002   PAD
    0x08004ecc   0x08004ecc   0x000000c0   Code   RO           99    .text.read_ACC      gy80.o
    0x08004f8c   0x08004f8c   0x000001b2   Code   RO          103    .text.read_GYRO     gy80.o
    0x0800513e   0x0800513e   0x00000002   PAD
    0x08005140   0x08005140   0x00000128   Code   RO          117    .text.read_calliberation_data  gy80.o
    0x08005268   0x08005268   0x0000003e   Code   RO         1482    CL$$btod_d2e        c_w.l(btod.o)
    0x080052a6   0x080052a6   0x00000046   Code   RO         1484    CL$$btod_d2e_denorm_low  c_w.l(btod.o)
    0x080052ec   0x080052ec   0x00000060   Code   RO         1483    CL$$btod_d2e_norm_op1  c_w.l(btod.o)
    0x0800534c   0x0800534c   0x00000338   Code   RO         1492    CL$$btod_div_common  c_w.l(btod.o)
    0x08005684   0x08005684   0x000000dc   Code   RO         1489    CL$$btod_e2e        c_w.l(btod.o)
    0x08005760   0x08005760   0x0000002a   Code   RO         1486    CL$$btod_ediv       c_w.l(btod.o)
    0x0800578a   0x0800578a   0x0000002a   Code   RO         1485    CL$$btod_emul       c_w.l(btod.o)
    0x080057b4   0x080057b4   0x00000244   Code   RO         1491    CL$$btod_mult_common  c_w.l(btod.o)
    0x080059f8   0x080059f8   0x00000028   Code   RO         1416    i.__ARM_fpclassify  m_ws.l(fpclassify.o)
    0x08005a20   0x08005a20   0x000000aa   Code   RO         1418    i.__kernel_poly     m_ws.l(poly.o)
    0x08005aca   0x08005aca   0x00000006   Code   RO         1403    i.__mathlib_dbl_infnan  m_ws.l(dunder.o)
    0x08005ad0   0x08005ad0   0x00000004   Code   RO         1404    i.__mathlib_dbl_infnan2  m_ws.l(dunder.o)
    0x08005ad4   0x08005ad4   0x00000010   Code   RO         1408    i.__mathlib_dbl_underflow  m_ws.l(dunder.o)
    0x08005ae4   0x08005ae4   0x0000000e   Code   RO         1340    i._is_digit         c_w.l(__printf_wp.o)
    0x08005af2   0x08005af2   0x00000002   PAD
    0x08005af4   0x08005af4   0x00000220   Code   RO         1262    i.atan              m_ws.l(atan.o)
    0x08005d14   0x08005d14   0x0000019c   Code   RO         1267    i.atan2             m_ws.l(atan2.o)
    0x08005eb0   0x08005eb0   0x0000004c   Code   RO         1276    i.sqrt              m_ws.l(sqrt.o)
    0x08005efc   0x08005efc   0x0000002c   Code   RO         1507    locale$$code        c_w.l(lc_numeric_c.o)
    0x08005f28   0x08005f28   0x0000002c   Code   RO         1526    locale$$code        c_w.l(lc_ctype_c.o)
    0x08005f54   0x08005f54   0x00000150   Code   RO         1221    x$fpl$dadd          fz_ws.l(daddsub_clz.o)
    0x080060a4   0x080060a4   0x00000010   Code   RO         1461    x$fpl$dcheck1       fz_ws.l(dcheck1.o)
    0x080060b4   0x080060b4   0x00000018   Code   RO         1463    x$fpl$dcmpinf       fz_ws.l(dcmpi.o)
    0x080060cc   0x080060cc   0x000002b4   Code   RO         1230    x$fpl$ddiv          fz_ws.l(ddiv.o)
    0x08006380   0x08006380   0x00000078   Code   RO         1373    x$fpl$deqf          fz_ws.l(deqf.o)
    0x080063f8   0x080063f8   0x0000002e   Code   RO         1242    x$fpl$dflt          fz_ws.l(dflt_clz.o)
    0x08006426   0x08006426   0x00000002   PAD
    0x08006428   0x08006428   0x00000078   Code   RO         1375    x$fpl$dgeqf         fz_ws.l(dgeqf.o)
    0x080064a0   0x080064a0   0x00000078   Code   RO         1377    x$fpl$dleqf         fz_ws.l(dleqf.o)
    0x08006518   0x08006518   0x00000154   Code   RO         1247    x$fpl$dmul          fz_ws.l(dmul.o)
    0x0800666c   0x0800666c   0x0000009c   Code   RO         1379    x$fpl$dnaninf       fz_ws.l(dnaninf.o)
    0x08006708   0x08006708   0x0000000c   Code   RO         1381    x$fpl$dretinf       fz_ws.l(dretinf.o)
    0x08006714   0x08006714   0x00000016   Code   RO         1222    x$fpl$drsb          fz_ws.l(daddsub_clz.o)
    0x0800672a   0x0800672a   0x00000002   PAD
    0x0800672c   0x0800672c   0x000001cc   Code   RO         1385    x$fpl$dsqrt         fz_ws.l(dsqrt_noumaal.o)
    0x080068f8   0x080068f8   0x000001dc   Code   RO         1223    x$fpl$dsub          fz_ws.l(daddsub_clz.o)
    0x08006ad4   0x08006ad4   0x00000054   Code   RO         1227    x$fpl$fcmp          fz_ws.l(dcmp.o)
    0x08006b28   0x08006b28   0x00000004   Code   RO         1391    x$fpl$printf1       fz_ws.l(printf1.o)
    0x08006b2c   0x08006b2c   0x00000004   Code   RO         1393    x$fpl$printf2       fz_ws.l(printf2.o)
    0x08006b30   0x08006b30   0x00000064   Code   RO         1519    x$fpl$retnan        fz_ws.l(retnan.o)
    0x08006b94   0x08006b94   0x0000005c   Code   RO         1399    x$fpl$scalbn        fz_ws.l(scalbn.o)
    0x08006bf0   0x08006bf0   0x00000030   Code   RO         1577    x$fpl$trapveneer    fz_ws.l(trapv.o)
    0x08006c20   0x08006c20   0x00000000   Code   RO         1401    x$fpl$usenofp       fz_ws.l(usenofp.o)
    0x08006c20   0x08006c20   0x00000098   Data   RO         1263    .constdata          m_ws.l(atan.o)
    0x08006cb8   0x08006cb8   0x00000008   Data   RO         1299    .constdata          c_w.l(_printf_wctomb.o)
    0x08006cc0   0x08006cc0   0x00000028   Data   RO         1328    .constdata          c_w.l(_printf_hex_int_ll_ptr.o)
    0x08006ce8   0x08006ce8   0x00000011   Data   RO         1348    .constdata          c_w.l(__printf_flags_ss_wp.o)
    0x08006cf9   0x08006cf9   0x00000007   PAD
    0x08006d00   0x08006d00   0x00000008   Data   RO         1420    .constdata          m_ws.l(qnan.o)
    0x08006d08   0x08006d08   0x00000026   Data   RO         1450    .constdata          c_w.l(_printf_fp_hex.o)
    0x08006d2e   0x08006d2e   0x00000002   PAD
    0x08006d30   0x08006d30   0x00000094   Data   RO         1480    .constdata          c_w.l(bigflt0.o)
    0x08006dc4   0x08006dc4   0x00000010   Data   RO         1197    .rodata.AHBPrescTable  system_stm32f1xx.o
    0x08006dd4   0x08006dd4   0x00000008   Data   RO         1198    .rodata.APBPrescTable  system_stm32f1xx.o
    0x08006ddc   0x08006ddc   0x00000062   Data   RO           36    .rodata.str1.1      main.o
    0x08006e3e   0x08006e3e   0x00000002   PAD
    0x08006e40   0x08006e40   0x00000020   Data   RO         1665    Region$$Table       anon$$obj.o
    0x08006e60   0x08006e60   0x0000001c   Data   RO         1506    locale$$data        c_w.l(lc_numeric_c.o)
    0x08006e7c   0x08006e7c   0x00000110   Data   RO         1525    locale$$data        c_w.l(lc_ctype_c.o)


    Execution Region RW_IRAM1 (Exec base: 0x20000000, Load base: 0x08006f90, Size: 0x000008c8, Max: 0x00005000, ABSOLUTE)

    Exec Addr    Load Addr    Size         Type   Attr      Idx    E Section Name        Object

    0x20000000   0x08006f90   0x00000008   Data   RW           29    .data.DeltaT        main.o
    0x20000008   0x08006f98   0x00000048   Data   RW          131    .data.KalmanX       gy80.o
    0x20000050   0x08006fe0   0x00000048   Data   RW          132    .data.KalmanY       gy80.o
    0x20000098   0x08007028   0x00000004   Data   RW         1196    .data.SystemCoreClock  system_stm32f1xx.o
    0x2000009c   0x0800702c   0x00000001   Data   RW          400    .data.uwTickFreq    stm32f1xx_hal.o
    0x2000009d   0x0800702d   0x00000003   PAD
    0x200000a0   0x08007030   0x00000004   Data   RW          399    .data.uwTickPrio    stm32f1xx_hal.o
    0x200000a4   0x08007034   0x00000004   PAD
    0x200000a8        -       0x00000060   Zero   RW         1466    .bss                c_w.l(libspace.o)
    0x20000108        -       0x00000002   Zero   RW          136    .bss.AC1            gy80.o
    0x2000010a        -       0x00000002   Zero   RW          137    .bss.AC2            gy80.o
    0x2000010c        -       0x00000002   Zero   RW          138    .bss.AC3            gy80.o
    0x2000010e        -       0x00000002   Zero   RW          139    .bss.AC4            gy80.o
    0x20000110        -       0x00000002   Zero   RW          140    .bss.AC5            gy80.o
    0x20000112        -       0x00000002   Zero   RW          141    .bss.AC6            gy80.o
    0x20000114        -       0x00000002   Zero   RW          142    .bss.B1             gy80.o
    0x20000116        -       0x00000002   Zero   RW          143    .bss.B2             gy80.o
    0x20000118        -       0x00000001   Zero   RW           42    .bss.Calib.Status   main.o
    0x20000119   0x08007034   0x00000007   PAD
    0x20000120        -       0x000000b8   Zero   RW           34    .bss.GY80           main.o
    0x200001d8        -       0x00000002   Zero   RW          144    .bss.MB             gy80.o
    0x200001da        -       0x00000002   Zero   RW          145    .bss.MC             gy80.o
    0x200001dc        -       0x00000002   Zero   RW          146    .bss.MD             gy80.o
    0x200001de   0x08007034   0x00000002   PAD
    0x200001e0        -       0x00000054   Zero   RW           33    .bss.hi2c1          main.o
    0x20000234        -       0x00000048   Zero   RW           35    .bss.htim2          main.o
    0x2000027c        -       0x00000044   Zero   RW           37    .bss.huart2         main.o
    0x200002c0        -       0x00000004   Zero   RW          401    .bss.uwTick         stm32f1xx_hal.o
    0x200002c4   0x08007034   0x00000004   PAD
    0x200002c8        -       0x00000200   Zero   RW            2    HEAP                startup_stm32f103xb.o
    0x200004c8        -       0x00000400   Zero   RW            1    STACK               startup_stm32f103xb.o


==============================================================================

Image component sizes


      Code (inc. data)   RO Data    RW Data    ZI Data      Debug   Object Name

      3016          0          0        144         22       9446   gy80.o
      1544          0         98          8        409      10422   main.o
        64         26        236          0       1536        776   startup_stm32f103xb.o
       254          0          0          5          4       5524   stm32f1xx_hal.o
       482          0          0          0          0       7481   stm32f1xx_hal_cortex.o
       798          0          0          0          0       4183   stm32f1xx_hal_gpio.o
      4280          0          0          0          0      36965   stm32f1xx_hal_i2c.o
       446          0          0          0          0       8555   stm32f1xx_hal_msp.o
      2622          0          0          0          0       7359   stm32f1xx_hal_rcc.o
      1256          0          0          0          0      34077   stm32f1xx_hal_tim.o
       220          0          0          0          0      14697   stm32f1xx_hal_tim_ex.o
       830          0          0          0          0      17695   stm32f1xx_hal_uart.o
        50          0          0          0          0       1078   stm32f1xx_it.o
         2          0         24          4          0       1534   system_stm32f1xx.o

    ----------------------------------------------------------------------
     15944         26        392        164       1988     159792   Object Totals
         0          0         32          0          0          0   (incl. Generated)
        80          0          2          3         17          0   (incl. Padding)

    ----------------------------------------------------------------------

      Code (inc. data)   RO Data    RW Data    ZI Data      Debug   Library Member Name

         8          0          0          0          0         68   __main.o
       392          4         17          0          0         92   __printf_flags_ss_wp.o
        14          0          0          0          0         68   __printf_wp.o
         0          0          0          0          0          0   __rtentry.o
        12          0          0          0          0          0   __rtentry2.o
         6          0          0          0          0          0   __rtentry4.o
        52          8          0          0          0          0   __scatter.o
        26          0          0          0          0          0   __scatter_copy.o
        28          0          0          0          0          0   __scatter_zi.o
        72          0          0          0          0         96   _c16rtomb.o
         6          0          0          0          0          0   _printf_a.o
         6          0          0          0          0          0   _printf_c.o
        44          0          0          0          0        108   _printf_char.o
        48          6          0          0          0         96   _printf_char_common.o
        40          0          0          0          0         68   _printf_charcount.o
         6          0          0          0          0          0   _printf_d.o
       120         16          0          0          0         92   _printf_dec.o
         6          0          0          0          0          0   _printf_e.o
         6          0          0          0          0          0   _printf_f.o
      1052          0          0          0          0        148   _printf_fp_dec.o
       764          8         38          0          0        100   _printf_fp_hex.o
       128         16          0          0          0         84   _printf_fp_infnan.o
         6          0          0          0          0          0   _printf_g.o
       148          4         40          0          0        160   _printf_hex_int_ll_ptr.o
         6          0          0          0          0          0   _printf_i.o
       178          0          0          0          0         88   _printf_intcommon.o
        10          0          0          0          0          0   _printf_l.o
         6          0          0          0          0          0   _printf_lc.o
        10          0          0          0          0          0   _printf_ll.o
         6          0          0          0          0          0   _printf_lld.o
         6          0          0          0          0          0   _printf_lli.o
         6          0          0          0          0          0   _printf_llo.o
         6          0          0          0          0          0   _printf_llu.o
         6          0          0          0          0          0   _printf_llx.o
       124         16          0          0          0         92   _printf_longlong_dec.o
         6          0          0          0          0          0   _printf_ls.o
         6          0          0          0          0          0   _printf_n.o
         6          0          0          0          0          0   _printf_o.o
       112          8          0          0          0        124   _printf_oct_int_ll.o
         6          0          0          0          0          0   _printf_p.o
        78          0          0          0          0        108   _printf_pad.o
         0          0          0          0          0          0   _printf_percent.o
         4          0          0          0          0          0   _printf_percent_end.o
         6          0          0          0          0          0   _printf_s.o
        82          0          0          0          0         80   _printf_str.o
        36          0          0          0          0         84   _printf_truncate.o
         6          0          0          0          0          0   _printf_u.o
        44          0          0          0          0        108   _printf_wchar.o
       188          6          8          0          0         92   _printf_wctomb.o
         6          0          0          0          0          0   _printf_x.o
        22          0          0          0          0        100   _rserrno.o
        10          0          0          0          0         68   _sputc.o
       228          4        148          0          0         96   bigflt0.o
      1936        128          0          0          0        668   btod.o
        18          0          0          0          0         80   exit.o
         6          0          0          0          0        152   heapauxi.o
         0          0          0          0          0          0   indicate_semi.o
        44         10        272          0          0         76   lc_ctype_c.o
        44         10         28          0          0         76   lc_numeric_c.o
         2          0          0          0          0          0   libinit.o
        30          0          0          0          0          0   libinit2.o
         2          0          0          0          0          0   libshutdown.o
         2          0          0          0          0          0   libshutdown2.o
         8          4          0          0         96         68   libspace.o
       138          0          0          0          0         80   lludiv10.o
        16          4          0          0          0         76   rt_ctype_table.o
         8          4          0          0          0         68   rt_errno_addr_intlibspace.o
         8          4          0          0          0         68   rt_locale_intlibspace.o
        68          0          0          0          0         68   rt_memclr.o
        78          0          0          0          0         80   rt_memclr_w.o
         2          0          0          0          0          0   rtexit.o
        10          0          0          0          0          0   rtexit2.o
        44          6          0          0          0         84   sprintf.o
       128          0          0          0          0         68   strcmpv7m.o
        62          0          0          0          0         76   strlen.o
        12          4          0          0          0         68   sys_exit.o
        74          0          0          0          0         80   sys_stackheap_outer.o
         2          0          0          0          0         68   use_no_semi.o
       834         16          0          0          0        372   daddsub_clz.o
        16          4          0          0          0         68   dcheck1.o
        84          0          0          0          0        196   dcmp.o
        24          0          0          0          0         68   dcmpi.o
       692        140          0          0          0        216   ddiv.o
       120          4          0          0          0         92   deqf.o
        46          0          0          0          0         68   dflt_clz.o
       120          4          0          0          0         92   dgeqf.o
       120          4          0          0          0         92   dleqf.o
       340         12          0          0          0        104   dmul.o
       156          4          0          0          0         92   dnaninf.o
        12          0          0          0          0         68   dretinf.o
       460         56          0          0          0        120   dsqrt_noumaal.o
         4          0          0          0          0         68   printf1.o
         4          0          0          0          0         68   printf2.o
       100          0          0          0          0         68   retnan.o
        92          0          0          0          0         68   scalbn.o
        48          0          0          0          0         68   trapv.o
         0          0          0          0          0          0   usenofp.o
       544         70        152          0          0        124   atan.o
       412         38          0          0          0        144   atan2.o
        26          6          0          0          0        204   dunder.o
        40          0          0          0          0         68   fpclassify.o
       170          0          0          0          0         96   poly.o
         0          0          8          0          0          0   qnan.o
        76          0          0          0          0         84   sqrt.o

    ----------------------------------------------------------------------
     11500        628        720          0         96       6932   Library Totals
        18          0          9          0          0          0   (incl. Padding)

    ----------------------------------------------------------------------

      Code (inc. data)   RO Data    RW Data    ZI Data      Debug   Library Name

      6942        270        551          0         96       4224   c_w.l
      3272        244          0          0          0       1988   fz_ws.l
      1268        114        160          0          0        720   m_ws.l

    ----------------------------------------------------------------------
     11500        628        720          0         96       6932   Library Totals

    ----------------------------------------------------------------------

==============================================================================


      Code (inc. data)   RO Data    RW Data    ZI Data      Debug   

     27444        654       1112        164       2084     162788   Grand Totals
     27444        654       1112        164       2084     162788   ELF Image Totals
     27444        654       1112        164          0          0   ROM Totals

==============================================================================

    Total RO  Size (Code + RO Data)                28556 (  27.89kB)
    Total RW  Size (RW Data + ZI Data)              2248 (   2.20kB)
    Total ROM Size (Code + RO Data + RW Data)      28720 (  28.05kB)

==============================================================================

